Archive member included to satisfy reference by file (symbol)

/usr/lib64/libc_nonshared.a(elf-init.oS)
                              /usr/lib/gcc/x86_64-redhat-linux/4.8.5/../../../../lib64/crt1.o (__libc_csu_init)

Discarded input sections

 .note.GNU-stack
                0x0000000000000000        0x0 /usr/lib/gcc/x86_64-redhat-linux/4.8.5/../../../../lib64/crt1.o
 .note.GNU-stack
                0x0000000000000000        0x0 /usr/lib/gcc/x86_64-redhat-linux/4.8.5/../../../../lib64/crti.o
 .note.GNU-stack
                0x0000000000000000        0x0 /usr/lib/gcc/x86_64-redhat-linux/4.8.5/crtbegin.o
 .note.GNU-stack
                0x0000000000000000        0x0 aes.o
 .note.GNU-stack
                0x0000000000000000        0x0 test.o
 .note.GNU-stack
                0x0000000000000000        0x0 /usr/lib64/libc_nonshared.a(elf-init.oS)
 .note.GNU-stack
                0x0000000000000000        0x0 /usr/lib/gcc/x86_64-redhat-linux/4.8.5/crtend.o
 .note.GNU-stack
                0x0000000000000000        0x0 /usr/lib/gcc/x86_64-redhat-linux/4.8.5/../../../../lib64/crtn.o

Memory Configuration

Name             Origin             Length             Attributes
*default*        0x0000000000000000 0xffffffffffffffff

Linker script and memory map

LOAD /usr/lib/gcc/x86_64-redhat-linux/4.8.5/../../../../lib64/crt1.o
LOAD /usr/lib/gcc/x86_64-redhat-linux/4.8.5/../../../../lib64/crti.o
LOAD /usr/lib/gcc/x86_64-redhat-linux/4.8.5/crtbegin.o
LOAD aes.o
LOAD test.o
LOAD /usr/lib/gcc/x86_64-redhat-linux/4.8.5/libgcc.a
LOAD /usr/lib/gcc/x86_64-redhat-linux/4.8.5/libgcc_s.so
LOAD /usr/lib/gcc/x86_64-redhat-linux/4.8.5/../../../../lib64/libc.so
START GROUP
LOAD /lib64/libc.so.6
LOAD /usr/lib64/libc_nonshared.a
LOAD /lib64/ld-linux-x86-64.so.2
END GROUP
LOAD /usr/lib/gcc/x86_64-redhat-linux/4.8.5/libgcc.a
LOAD /usr/lib/gcc/x86_64-redhat-linux/4.8.5/libgcc_s.so
LOAD /usr/lib/gcc/x86_64-redhat-linux/4.8.5/crtend.o
LOAD /usr/lib/gcc/x86_64-redhat-linux/4.8.5/../../../../lib64/crtn.o
                [!provide]                        PROVIDE (__executable_start, 0x400000)
                0x0000000000400238                . = (0x400000 + SIZEOF_HEADERS)

.interp         0x0000000000400238       0x1c
 *(.interp)
 .interp        0x0000000000400238       0x1c /usr/lib/gcc/x86_64-redhat-linux/4.8.5/../../../../lib64/crt1.o

.note.ABI-tag   0x0000000000400254       0x20
 .note.ABI-tag  0x0000000000400254       0x20 /usr/lib/gcc/x86_64-redhat-linux/4.8.5/../../../../lib64/crt1.o

.note.gnu.build-id
                0x0000000000400274       0x24
 *(.note.gnu.build-id)
 .note.gnu.build-id
                0x0000000000400274       0x24 /usr/lib/gcc/x86_64-redhat-linux/4.8.5/../../../../lib64/crt1.o

.hash
 *(.hash)

.gnu.hash       0x0000000000400298       0x1c
 *(.gnu.hash)
 .gnu.hash      0x0000000000400298       0x1c /usr/lib/gcc/x86_64-redhat-linux/4.8.5/../../../../lib64/crt1.o

.dynsym         0x00000000004002b8      0x138
 *(.dynsym)
 .dynsym        0x00000000004002b8      0x138 /usr/lib/gcc/x86_64-redhat-linux/4.8.5/../../../../lib64/crt1.o

.dynstr         0x00000000004003f0       0x77
 *(.dynstr)
 .dynstr        0x00000000004003f0       0x77 /usr/lib/gcc/x86_64-redhat-linux/4.8.5/../../../../lib64/crt1.o

.gnu.version    0x0000000000400468       0x1a
 *(.gnu.version)
 .gnu.version   0x0000000000400468       0x1a /usr/lib/gcc/x86_64-redhat-linux/4.8.5/../../../../lib64/crt1.o

.gnu.version_d  0x0000000000400488        0x0
 *(.gnu.version_d)
 .gnu.version_d
                0x0000000000400488        0x0 /usr/lib/gcc/x86_64-redhat-linux/4.8.5/../../../../lib64/crt1.o

.gnu.version_r  0x0000000000400488       0x20
 *(.gnu.version_r)
 .gnu.version_r
                0x0000000000400488       0x20 /usr/lib/gcc/x86_64-redhat-linux/4.8.5/../../../../lib64/crt1.o

.rela.dyn       0x00000000004004a8       0x18
 *(.rela.init)
 *(.rela.text .rela.text.* .rela.gnu.linkonce.t.*)
 .rela.text     0x00000000004004a8        0x0 /usr/lib/gcc/x86_64-redhat-linux/4.8.5/../../../../lib64/crt1.o
 *(.rela.fini)
 *(.rela.rodata .rela.rodata.* .rela.gnu.linkonce.r.*)
 *(.rela.data .rela.data.* .rela.gnu.linkonce.d.*)
 *(.rela.tdata .rela.tdata.* .rela.gnu.linkonce.td.*)
 *(.rela.tbss .rela.tbss.* .rela.gnu.linkonce.tb.*)
 *(.rela.ctors)
 *(.rela.dtors)
 *(.rela.got)
 .rela.got      0x00000000004004a8       0x18 /usr/lib/gcc/x86_64-redhat-linux/4.8.5/../../../../lib64/crt1.o
 *(.rela.bss .rela.bss.* .rela.gnu.linkonce.b.*)
 .rela.bss      0x00000000004004c0        0x0 /usr/lib/gcc/x86_64-redhat-linux/4.8.5/../../../../lib64/crt1.o
 *(.rela.ldata .rela.ldata.* .rela.gnu.linkonce.l.*)
 *(.rela.lbss .rela.lbss.* .rela.gnu.linkonce.lb.*)
 *(.rela.lrodata .rela.lrodata.* .rela.gnu.linkonce.lr.*)
 *(.rela.ifunc)

.rela.plt       0x00000000004004c0      0x108
 *(.rela.plt)
 .rela.plt      0x00000000004004c0      0x108 /usr/lib/gcc/x86_64-redhat-linux/4.8.5/../../../../lib64/crt1.o
                [!provide]                        PROVIDE (__rela_iplt_start, .)
 *(.rela.iplt)
                [!provide]                        PROVIDE (__rela_iplt_end, .)

.init           0x00000000004005c8       0x1a
 *(SORT(.init))
 .init          0x00000000004005c8       0x15 /usr/lib/gcc/x86_64-redhat-linux/4.8.5/../../../../lib64/crti.o
                0x00000000004005c8                _init
 .init          0x00000000004005dd        0x5 /usr/lib/gcc/x86_64-redhat-linux/4.8.5/../../../../lib64/crtn.o

.plt            0x00000000004005f0       0xc0
 *(.plt)
 .plt           0x00000000004005f0       0xc0 /usr/lib/gcc/x86_64-redhat-linux/4.8.5/../../../../lib64/crt1.o
                0x0000000000400600                free@@GLIBC_2.2.5
                0x0000000000400610                fread@@GLIBC_2.2.5
                0x0000000000400620                clock@@GLIBC_2.2.5
                0x0000000000400630                fclose@@GLIBC_2.2.5
                0x0000000000400640                printf@@GLIBC_2.2.5
                0x0000000000400650                __libc_start_main@@GLIBC_2.2.5
                0x0000000000400660                strcmp@@GLIBC_2.2.5
                0x0000000000400670                malloc@@GLIBC_2.2.5
                0x0000000000400680                fopen@@GLIBC_2.2.5
                0x0000000000400690                exit@@GLIBC_2.2.5
                0x00000000004006a0                fwrite@@GLIBC_2.2.5
 *(.iplt)

.plt.got        0x00000000004006b0        0x8
 *(.plt.got)
 .plt.got       0x00000000004006b0        0x8 /usr/lib/gcc/x86_64-redhat-linux/4.8.5/../../../../lib64/crt1.o

.plt.bnd
 *(.plt.bnd)

.text           0x00000000004006c0     0x1012
 *(.text.unlikely .text.*_unlikely .text.unlikely.*)
 *(.text.exit .text.exit.*)
 *(.text.startup .text.startup.*)
 *(.text.hot .text.hot.*)
 *(.text .stub .text.* .gnu.linkonce.t.*)
 .text          0x00000000004006c0       0x2a /usr/lib/gcc/x86_64-redhat-linux/4.8.5/../../../../lib64/crt1.o
                0x00000000004006c0                _start
 .text          0x00000000004006ea        0x0 /usr/lib/gcc/x86_64-redhat-linux/4.8.5/../../../../lib64/crti.o
 *fill*         0x00000000004006ea        0x6 
 .text          0x00000000004006f0       0xbd /usr/lib/gcc/x86_64-redhat-linux/4.8.5/crtbegin.o
 .text          0x00000000004007ad      0x7cc aes.o
                0x0000000000400dbc                AES_init_ctx
                0x0000000000400dc1                AES_init_ctx_iv
                0x0000000000400de7                AES_ctx_set_iv
                0x0000000000400dfd                AES_ECB_encrypt
                0x0000000000400e0b                AES_ECB_decrypt
                0x0000000000400e19                AES_CBC_encrypt_buffer
                0x0000000000400e82                AES_CBC_decrypt_buffer
                0x0000000000400eec                AES_CTR_xcrypt_buffer
 .text          0x0000000000400f79      0x6dd test.o
                0x0000000000400f79                main
 *fill*         0x0000000000401656        0xa 
 .text          0x0000000000401660       0x72 /usr/lib64/libc_nonshared.a(elf-init.oS)
                0x0000000000401660                __libc_csu_init
                0x00000000004016d0                __libc_csu_fini
 .text          0x00000000004016d2        0x0 /usr/lib/gcc/x86_64-redhat-linux/4.8.5/crtend.o
 .text          0x00000000004016d2        0x0 /usr/lib/gcc/x86_64-redhat-linux/4.8.5/../../../../lib64/crtn.o
 *(.gnu.warning)

.fini           0x00000000004016d4        0x9
 *(SORT(.fini))
 .fini          0x00000000004016d4        0x4 /usr/lib/gcc/x86_64-redhat-linux/4.8.5/../../../../lib64/crti.o
                0x00000000004016d4                _fini
 .fini          0x00000000004016d8        0x5 /usr/lib/gcc/x86_64-redhat-linux/4.8.5/../../../../lib64/crtn.o
                [!provide]                        PROVIDE (__etext, .)
                [!provide]                        PROVIDE (_etext, .)
                [!provide]                        PROVIDE (etext, .)

.rodata         0x00000000004016e0      0x2a8
 *(.rodata .rodata.* .gnu.linkonce.r.*)
 .rodata.cst4   0x00000000004016e0        0x4 /usr/lib/gcc/x86_64-redhat-linux/4.8.5/../../../../lib64/crt1.o
                0x00000000004016e0                _IO_stdin_used
 *fill*         0x00000000004016e4        0x4 
 .rodata        0x00000000004016e8        0x8 /usr/lib/gcc/x86_64-redhat-linux/4.8.5/crtbegin.o
                0x00000000004016e8                __dso_handle
 .rodata        0x00000000004016f0      0x210 aes.o
 .rodata        0x0000000000401900       0x88 test.o

.rodata1
 *(.rodata1)

.eh_frame_hdr   0x0000000000401988       0xb4
 *(.eh_frame_hdr)
 .eh_frame_hdr  0x0000000000401988       0xb4 /usr/lib/gcc/x86_64-redhat-linux/4.8.5/../../../../lib64/crt1.o
                0x0000000000401988                __GNU_EH_FRAME_HDR
 *(.eh_frame_entry .eh_frame_entry.*)

.eh_frame       0x0000000000401a40      0x384
 *(.eh_frame)
 .eh_frame      0x0000000000401a40       0x30 /usr/lib/gcc/x86_64-redhat-linux/4.8.5/../../../../lib64/crt1.o
 .eh_frame      0x0000000000401a70       0x40 /usr/lib/gcc/x86_64-redhat-linux/4.8.5/../../../../lib64/crt1.o
 .eh_frame      0x0000000000401ab0      0x230 aes.o
                                        0x218 (size before relaxing)
 .eh_frame      0x0000000000401ce0       0x80 test.o
                                         0x98 (size before relaxing)
 .eh_frame      0x0000000000401d60       0x60 /usr/lib64/libc_nonshared.a(elf-init.oS)
                                         0x78 (size before relaxing)
 .eh_frame      0x0000000000401dc0        0x4 /usr/lib/gcc/x86_64-redhat-linux/4.8.5/crtend.o
 *(.eh_frame.*)

.gcc_except_table
 *(.gcc_except_table .gcc_except_table.*)

.gnu_extab
 *(.gnu_extab*)

.exception_ranges
 *(.exception_ranges .exception_ranges*)
                0x0000000000601e10                . = DATA_SEGMENT_ALIGN (0x200000, 0x1000)

.eh_frame
 *(.eh_frame)
 *(.eh_frame.*)

.gnu_extab
 *(.gnu_extab)

.gcc_except_table
 *(.gcc_except_table .gcc_except_table.*)

.exception_ranges
 *(.exception_ranges .exception_ranges*)

.tdata
 *(.tdata .tdata.* .gnu.linkonce.td.*)

.tbss
 *(.tbss .tbss.* .gnu.linkonce.tb.*)
 *(.tcommon)

.preinit_array  0x0000000000601e10        0x0
                [!provide]                        PROVIDE (__preinit_array_start, .)
 *(.preinit_array)
                [!provide]                        PROVIDE (__preinit_array_end, .)

.init_array     0x0000000000601e10        0x8
                0x0000000000601e10                PROVIDE (__init_array_start, .)
 *(SORT(.init_array.*) SORT(.ctors.*))
 *(.init_array EXCLUDE_FILE(*crtend?.o *crtend.o *crtbegin?.o *crtbegin.o) .ctors)
 .init_array    0x0000000000601e10        0x8 /usr/lib/gcc/x86_64-redhat-linux/4.8.5/crtbegin.o
                0x0000000000601e18                PROVIDE (__init_array_end, .)

.fini_array     0x0000000000601e18        0x8
                [!provide]                        PROVIDE (__fini_array_start, .)
 *(SORT(.fini_array.*) SORT(.dtors.*))
 *(.fini_array EXCLUDE_FILE(*crtend?.o *crtend.o *crtbegin?.o *crtbegin.o) .dtors)
 .fini_array    0x0000000000601e18        0x8 /usr/lib/gcc/x86_64-redhat-linux/4.8.5/crtbegin.o
                [!provide]                        PROVIDE (__fini_array_end, .)

.ctors
 *crtbegin.o(.ctors)
 *crtbegin?.o(.ctors)
 *(EXCLUDE_FILE(*crtend?.o *crtend.o) .ctors)
 *(SORT(.ctors.*))
 *(.ctors)

.dtors
 *crtbegin.o(.dtors)
 *crtbegin?.o(.dtors)
 *(EXCLUDE_FILE(*crtend?.o *crtend.o) .dtors)
 *(SORT(.dtors.*))
 *(.dtors)

.jcr            0x0000000000601e20        0x8
 *(.jcr)
 .jcr           0x0000000000601e20        0x0 /usr/lib/gcc/x86_64-redhat-linux/4.8.5/crtbegin.o
 .jcr           0x0000000000601e20        0x8 /usr/lib/gcc/x86_64-redhat-linux/4.8.5/crtend.o

.data.rel.ro
 *(.data.rel.ro.local* .gnu.linkonce.d.rel.ro.local.*)
 *(.data.rel.ro .data.rel.ro.* .gnu.linkonce.d.rel.ro.*)

.dynamic        0x0000000000601e28      0x1d0
 *(.dynamic)
 .dynamic       0x0000000000601e28      0x1d0 /usr/lib/gcc/x86_64-redhat-linux/4.8.5/../../../../lib64/crt1.o
                0x0000000000601e28                _DYNAMIC

.got            0x0000000000601ff8        0x8
 *(.got)
 .got           0x0000000000601ff8        0x8 /usr/lib/gcc/x86_64-redhat-linux/4.8.5/../../../../lib64/crt1.o
 *(.igot)
                0x0000000000602fe8                . = DATA_SEGMENT_RELRO_END (., (SIZEOF (.got.plt) >= 0x18)?0x18:0x0)

.got.plt        0x0000000000602000       0x70
 *(.got.plt)
 .got.plt       0x0000000000602000       0x70 /usr/lib/gcc/x86_64-redhat-linux/4.8.5/../../../../lib64/crt1.o
                0x0000000000602000                _GLOBAL_OFFSET_TABLE_
 *(.igot.plt)

.data           0x0000000000602070        0x4
 *(.data .data.* .gnu.linkonce.d.*)
 .data          0x0000000000602070        0x4 /usr/lib/gcc/x86_64-redhat-linux/4.8.5/../../../../lib64/crt1.o
                0x0000000000602070                data_start
                0x0000000000602070                __data_start
 .data          0x0000000000602074        0x0 /usr/lib/gcc/x86_64-redhat-linux/4.8.5/../../../../lib64/crti.o
 .data          0x0000000000602074        0x0 /usr/lib/gcc/x86_64-redhat-linux/4.8.5/crtbegin.o
 .data          0x0000000000602074        0x0 aes.o
 .data          0x0000000000602074        0x0 test.o
 .data          0x0000000000602074        0x0 /usr/lib64/libc_nonshared.a(elf-init.oS)
 .data          0x0000000000602074        0x0 /usr/lib/gcc/x86_64-redhat-linux/4.8.5/crtend.o
 .data          0x0000000000602074        0x0 /usr/lib/gcc/x86_64-redhat-linux/4.8.5/../../../../lib64/crtn.o

.tm_clone_table
                0x0000000000602078        0x0
 .tm_clone_table
                0x0000000000602078        0x0 /usr/lib/gcc/x86_64-redhat-linux/4.8.5/crtbegin.o
 .tm_clone_table
                0x0000000000602078        0x0 /usr/lib/gcc/x86_64-redhat-linux/4.8.5/crtend.o

.data1
 *(.data1)
                0x0000000000602078                _edata = .
                [!provide]                        PROVIDE (edata, .)
                0x0000000000602078                . = .
                0x0000000000602078                __bss_start = .

.bss            0x0000000000602074        0x4
 *(.dynbss)
 .dynbss        0x0000000000602074        0x0 /usr/lib/gcc/x86_64-redhat-linux/4.8.5/../../../../lib64/crt1.o
 *(.bss .bss.* .gnu.linkonce.b.*)
 .bss           0x0000000000602074        0x0 /usr/lib/gcc/x86_64-redhat-linux/4.8.5/../../../../lib64/crt1.o
 .bss           0x0000000000602074        0x0 /usr/lib/gcc/x86_64-redhat-linux/4.8.5/../../../../lib64/crti.o
 .bss           0x0000000000602074        0x1 /usr/lib/gcc/x86_64-redhat-linux/4.8.5/crtbegin.o
 .bss           0x0000000000602075        0x0 aes.o
 .bss           0x0000000000602075        0x0 test.o
 .bss           0x0000000000602075        0x0 /usr/lib64/libc_nonshared.a(elf-init.oS)
 .bss           0x0000000000602075        0x0 /usr/lib/gcc/x86_64-redhat-linux/4.8.5/crtend.o
 .bss           0x0000000000602075        0x0 /usr/lib/gcc/x86_64-redhat-linux/4.8.5/../../../../lib64/crtn.o
 *(COMMON)
                0x0000000000602078                . = ALIGN ((. != 0x0)?0x8:0x1)
 *fill*         0x0000000000602075        0x3 

.lbss
 *(.dynlbss)
 *(.lbss .lbss.* .gnu.linkonce.lb.*)
 *(LARGE_COMMON)
                0x0000000000602078                . = ALIGN (0x8)
                0x0000000000602078                . = SEGMENT_START ("ldata-segment", .)

.lrodata
 *(.lrodata .lrodata.* .gnu.linkonce.lr.*)

.ldata          0x0000000000a02078        0x0
 *(.ldata .ldata.* .gnu.linkonce.l.*)
                0x0000000000a02078                . = ALIGN ((. != 0x0)?0x8:0x1)
                0x0000000000a02078                . = ALIGN (0x8)
                0x0000000000a02078                _end = .
                [!provide]                        PROVIDE (end, .)
                0x0000000000a02078                . = DATA_SEGMENT_END (.)

.stab
 *(.stab)

.stabstr
 *(.stabstr)

.stab.excl
 *(.stab.excl)

.stab.exclstr
 *(.stab.exclstr)

.stab.index
 *(.stab.index)

.stab.indexstr
 *(.stab.indexstr)

.comment        0x0000000000000000       0x2d
 *(.comment)
 .comment       0x0000000000000000       0x2d /usr/lib/gcc/x86_64-redhat-linux/4.8.5/../../../../lib64/crt1.o
                                         0x2e (size before relaxing)
 .comment       0x000000000000002d       0x2e /usr/lib/gcc/x86_64-redhat-linux/4.8.5/crtbegin.o
 .comment       0x000000000000002d       0x2e aes.o
 .comment       0x000000000000002d       0x2e test.o
 .comment       0x000000000000002d       0x2e /usr/lib64/libc_nonshared.a(elf-init.oS)
 .comment       0x000000000000002d       0x2e /usr/lib/gcc/x86_64-redhat-linux/4.8.5/crtend.o

.debug
 *(.debug)

.line
 *(.line)

.debug_srcinfo
 *(.debug_srcinfo)

.debug_sfnames
 *(.debug_sfnames)

.debug_aranges
 *(.debug_aranges)

.debug_pubnames
 *(.debug_pubnames)

.debug_info
 *(.debug_info .gnu.linkonce.wi.*)

.debug_abbrev
 *(.debug_abbrev)

.debug_line
 *(.debug_line .debug_line.* .debug_line_end)

.debug_frame
 *(.debug_frame)

.debug_str
 *(.debug_str)

.debug_loc
 *(.debug_loc)

.debug_macinfo
 *(.debug_macinfo)

.debug_weaknames
 *(.debug_weaknames)

.debug_funcnames
 *(.debug_funcnames)

.debug_typenames
 *(.debug_typenames)

.debug_varnames
 *(.debug_varnames)

.debug_pubtypes
 *(.debug_pubtypes)

.debug_ranges
 *(.debug_ranges)

.debug_macro
 *(.debug_macro)

.gnu.attributes
 *(.gnu.attributes)

/DISCARD/
 *(.note.GNU-stack)
 *(.gnu_debuglink)
 *(.gnu.lto_*)
OUTPUT(test.elf elf64-x86-64)
