Archive member included to satisfy reference by file (symbol)

/usr/local/depot/cuda-10.0/bin/..//lib64/libcudart_static.a(libcudart_static.a.o)
                              aes.o (cudaLaunchKernel)
/usr/lib64/libc_nonshared.a(elf-init.oS)
                              /usr/lib/gcc/x86_64-redhat-linux/4.8.5/../../../../lib64/crt1.o (__libc_csu_init)
/usr/lib64/libc_nonshared.a(atexit.oS)
                              aes.o (atexit)
/usr/lib64/libc_nonshared.a(stat.oS)
                              test.o (stat)

Discarded input sections

 .note.GNU-stack
                0x0000000000000000        0x0 /usr/lib/gcc/x86_64-redhat-linux/4.8.5/../../../../lib64/crt1.o
 .note.GNU-stack
                0x0000000000000000        0x0 /usr/lib/gcc/x86_64-redhat-linux/4.8.5/../../../../lib64/crti.o
 .note.GNU-stack
                0x0000000000000000        0x0 /usr/lib/gcc/x86_64-redhat-linux/4.8.5/crtbegin.o
 .note.GNU-stack
                0x0000000000000000        0x0 /tmp/tmpxft_00004cf2_00000000-5_test_dlink.o
 .group         0x0000000000000000        0x8 aes.o
 .note.GNU-stack
                0x0000000000000000        0x0 aes.o
 .group         0x0000000000000000        0x8 test.o
 .group         0x0000000000000000        0x8 test.o
 .text._ZN4dim3C2Ejjj
                0x0000000000000000       0x30 test.o
 .note.GNU-stack
                0x0000000000000000        0x0 test.o
 _ZN6cudart3setIPNS_12globalModuleEE8get_sizeEjPm
                0x0000000000000000        0x8 /usr/local/depot/cuda-10.0/bin/..//lib64/libcudart_static.a(libcudart_static.a.o)
 _ZZN6cudart3setIPNS_12globalModuleEE8get_sizeEjPmE5SIZES
                0x0000000000000000        0x8 /usr/local/depot/cuda-10.0/bin/..//lib64/libcudart_static.a(libcudart_static.a.o)
 _ZTVN6cudart11threadStateE
                0x0000000000000000        0x8 /usr/local/depot/cuda-10.0/bin/..//lib64/libcudart_static.a(libcudart_static.a.o)
 _ZN6cudart3setIPKvE8get_sizeEjPm
                0x0000000000000000        0x8 /usr/local/depot/cuda-10.0/bin/..//lib64/libcudart_static.a(libcudart_static.a.o)
 _ZN6cudart3setIPK16textureReferenceE8get_sizeEjPm
                0x0000000000000000        0x8 /usr/local/depot/cuda-10.0/bin/..//lib64/libcudart_static.a(libcudart_static.a.o)
 _ZN6cudart3setIPK16surfaceReferenceE8get_sizeEjPm
                0x0000000000000000        0x8 /usr/local/depot/cuda-10.0/bin/..//lib64/libcudart_static.a(libcudart_static.a.o)
 _ZN6cudart3setIPNS_6moduleEE8get_sizeEjPm
                0x0000000000000000        0x8 /usr/local/depot/cuda-10.0/bin/..//lib64/libcudart_static.a(libcudart_static.a.o)
 _ZN6cudart3setINS_3mapIPNS_12globalModuleEPNS_6moduleEE5entryEE8get_sizeEjPm
                0x0000000000000000        0x8 /usr/local/depot/cuda-10.0/bin/..//lib64/libcudart_static.a(libcudart_static.a.o)
 _ZN6cudart3setINS_3mapIPKvPNS_17cudaEntryFunctionEE5entryEE8get_sizeEjPm
                0x0000000000000000        0x8 /usr/local/depot/cuda-10.0/bin/..//lib64/libcudart_static.a(libcudart_static.a.o)
 _ZN6cudart3setINS_3mapIPKvPNS_12cudaVariableEE5entryEE8get_sizeEjPm
                0x0000000000000000        0x8 /usr/local/depot/cuda-10.0/bin/..//lib64/libcudart_static.a(libcudart_static.a.o)
 _ZN6cudart3setINS_3mapIPK16textureReferencePNS_11cudaTextureEE5entryEE8get_sizeEjPm
                0x0000000000000000        0x8 /usr/local/depot/cuda-10.0/bin/..//lib64/libcudart_static.a(libcudart_static.a.o)
 _ZN6cudart3setINS_3mapIPK16surfaceReferencePNS_11cudaSurfaceEE5entryEE8get_sizeEjPm
                0x0000000000000000        0x8 /usr/local/depot/cuda-10.0/bin/..//lib64/libcudart_static.a(libcudart_static.a.o)
 _ZZN6cudart3setIPNS_6moduleEE8get_sizeEjPmE5SIZES
                0x0000000000000000        0x8 /usr/local/depot/cuda-10.0/bin/..//lib64/libcudart_static.a(libcudart_static.a.o)
 _ZZN6cudart3setINS_3mapIPNS_12globalModuleEPNS_6moduleEE5entryEE8get_sizeEjPmE5SIZES
                0x0000000000000000        0x8 /usr/local/depot/cuda-10.0/bin/..//lib64/libcudart_static.a(libcudart_static.a.o)
 _ZZN6cudart3setINS_3mapIPK16surfaceReferencePNS_11cudaSurfaceEE5entryEE8get_sizeEjPmE5SIZES
                0x0000000000000000        0x8 /usr/local/depot/cuda-10.0/bin/..//lib64/libcudart_static.a(libcudart_static.a.o)
 _ZZN6cudart3setINS_3mapIPK16textureReferencePNS_11cudaTextureEE5entryEE8get_sizeEjPmE5SIZES
                0x0000000000000000        0x8 /usr/local/depot/cuda-10.0/bin/..//lib64/libcudart_static.a(libcudart_static.a.o)
 _ZZN6cudart3setINS_3mapIPKvPNS_12cudaVariableEE5entryEE8get_sizeEjPmE5SIZES
                0x0000000000000000        0x8 /usr/local/depot/cuda-10.0/bin/..//lib64/libcudart_static.a(libcudart_static.a.o)
 _ZZN6cudart3setINS_3mapIPKvPNS_17cudaEntryFunctionEE5entryEE8get_sizeEjPmE5SIZES
                0x0000000000000000        0x8 /usr/local/depot/cuda-10.0/bin/..//lib64/libcudart_static.a(libcudart_static.a.o)
 _ZZN6cudart3setIPK16surfaceReferenceE8get_sizeEjPmE5SIZES
[...]
Memory Configuration

Name             Origin             Length             Attributes
*default*        0x0000000000000000 0xffffffffffffffff

Linker script and memory map

LOAD /usr/lib/gcc/x86_64-redhat-linux/4.8.5/../../../../lib64/crt1.o
LOAD /usr/lib/gcc/x86_64-redhat-linux/4.8.5/../../../../lib64/crti.o
LOAD /usr/lib/gcc/x86_64-redhat-linux/4.8.5/crtbegin.o
START GROUP
LOAD /tmp/tmpxft_00004cf2_00000000-5_test_dlink.o
LOAD aes.o
LOAD test.o
LOAD /usr/local/depot/cuda-10.0/bin/..//lib64/libcudadevrt.a
LOAD /usr/local/depot/cuda-10.0/bin/..//lib64/libcudart_static.a
LOAD /usr/lib/gcc/x86_64-redhat-linux/4.8.5/../../../../lib64/librt.so
LOAD /usr/lib/gcc/x86_64-redhat-linux/4.8.5/../../../../lib64/libpthread.so
START GROUP
LOAD /lib64/libpthread.so.0
LOAD /usr/lib64/libpthread_nonshared.a
END GROUP
LOAD /usr/lib/gcc/x86_64-redhat-linux/4.8.5/../../../../lib64/libdl.so
END GROUP
LOAD /usr/lib/gcc/x86_64-redhat-linux/4.8.5/libstdc++.so
LOAD /usr/lib/gcc/x86_64-redhat-linux/4.8.5/../../../../lib64/libm.so
LOAD /usr/lib/gcc/x86_64-redhat-linux/4.8.5/libgcc_s.so
LOAD /usr/lib/gcc/x86_64-redhat-linux/4.8.5/libgcc.a
LOAD /usr/lib/gcc/x86_64-redhat-linux/4.8.5/../../../../lib64/libc.so
START GROUP
LOAD /lib64/libc.so.6
LOAD /usr/lib64/libc_nonshared.a
LOAD /lib64/ld-linux-x86-64.so.2
END GROUP
LOAD /usr/lib/gcc/x86_64-redhat-linux/4.8.5/libgcc_s.so
LOAD /usr/lib/gcc/x86_64-redhat-linux/4.8.5/libgcc.a
LOAD /usr/lib/gcc/x86_64-redhat-linux/4.8.5/crtend.o
LOAD /usr/lib/gcc/x86_64-redhat-linux/4.8.5/../../../../lib64/crtn.o
                [!provide]                        PROVIDE (__executable_start, 0x400000)
                0x0000000000400238                . = (0x400000 + SIZEOF_HEADERS)

.interp         0x0000000000400238       0x1c
 *(.interp)
 .interp        0x0000000000400238       0x1c /usr/lib/gcc/x86_64-redhat-linux/4.8.5/../../../../lib64/crt1.o

.note.ABI-tag   0x0000000000400254       0x20
 .note.ABI-tag  0x0000000000400254       0x20 /usr/lib/gcc/x86_64-redhat-linux/4.8.5/../../../../lib64/crt1.o

.note.gnu.build-id
                0x0000000000400274       0x24
 *(.note.gnu.build-id)
 .note.gnu.build-id
                0x0000000000400274       0x24 /usr/lib/gcc/x86_64-redhat-linux/4.8.5/../../../../lib64/crt1.o

.hash
 *(.hash)

.gnu.hash       0x0000000000400298       0x1c
 *(.gnu.hash)
 .gnu.hash      0x0000000000400298       0x1c /usr/lib/gcc/x86_64-redhat-linux/4.8.5/../../../../lib64/crt1.o

.dynsym         0x00000000004002b8      0xe58
 *(.dynsym)
 .dynsym        0x00000000004002b8      0xe58 /usr/lib/gcc/x86_64-redhat-linux/4.8.5/../../../../lib64/crt1.o

.dynstr         0x0000000000401110      0x70e
 *(.dynstr)
 .dynstr        0x0000000000401110      0x70e /usr/lib/gcc/x86_64-redhat-linux/4.8.5/../../../../lib64/crt1.o

.gnu.version    0x000000000040181e      0x132
 *(.gnu.version)
 .gnu.version   0x000000000040181e      0x132 /usr/lib/gcc/x86_64-redhat-linux/4.8.5/../../../../lib64/crt1.o

.gnu.version_d  0x0000000000401950        0x0
 *(.gnu.version_d)
 .gnu.version_d
                0x0000000000401950        0x0 /usr/lib/gcc/x86_64-redhat-linux/4.8.5/../../../../lib64/crt1.o

.gnu.version_r  0x0000000000401950       0xf0
 *(.gnu.version_r)
 .gnu.version_r
                0x0000000000401950       0xf0 /usr/lib/gcc/x86_64-redhat-linux/4.8.5/../../../../lib64/crt1.o

.rela.dyn       0x0000000000401a40       0x18
 *(.rela.init)
 *(.rela.text .rela.text.* .rela.gnu.linkonce.t.*)
 .rela.text     0x0000000000401a40        0x0 /usr/lib/gcc/x86_64-redhat-linux/4.8.5/../../../../lib64/crt1.o
 .rela.text._ZSt4sqrtIiEN9__gnu_cxx11__enable_ifIXsrSt12__is_integerIT_E7__valueEdE6__typeES3_
                0x0000000000401a40        0x0 /usr/lib/gcc/x86_64-redhat-linux/4.8.5/../../../../lib64/crt1.o
 *(.rela.fini)
 *(.rela.rodata .rela.rodata.* .rela.gnu.linkonce.r.*)
 *(.rela.data .rela.data.* .rela.gnu.linkonce.d.*)
 *(.rela.tdata .rela.tdata.* .rela.gnu.linkonce.td.*)
 *(.rela.tbss .rela.tbss.* .rela.gnu.linkonce.tb.*)
 *(.rela.ctors)
 *(.rela.dtors)
 *(.rela.got)
 .rela.got      0x0000000000401a40       0x18 /usr/lib/gcc/x86_64-redhat-linux/4.8.5/../../../../lib64/crt1.o
 *(.rela.bss .rela.bss.* .rela.gnu.linkonce.b.*)
 .rela.bss      0x0000000000401a58        0x0 /usr/lib/gcc/x86_64-redhat-linux/4.8.5/../../../../lib64/crt1.o
 *(.rela.ldata .rela.ldata.* .rela.gnu.linkonce.l.*)
 *(.rela.lbss .rela.lbss.* .rela.gnu.linkonce.lb.*)
 *(.rela.lrodata .rela.lrodata.* .rela.gnu.linkonce.lr.*)
 *(.rela.ifunc)

.rela.plt       0x0000000000401a58      0xe28
 *(.rela.plt)
 .rela.plt      0x0000000000401a58      0xe28 /usr/lib/gcc/x86_64-redhat-linux/4.8.5/../../../../lib64/crt1.o
                [!provide]                        PROVIDE (__rela_iplt_start, .)
 *(.rela.iplt)
                [!provide]                        PROVIDE (__rela_iplt_end, .)

.init           0x0000000000402880       0x1a
 *(SORT(.init))
 .init          0x0000000000402880       0x15 /usr/lib/gcc/x86_64-redhat-linux/4.8.5/../../../../lib64/crti.o
                0x0000000000402880                _init
 .init          0x0000000000402895        0x5 /usr/lib/gcc/x86_64-redhat-linux/4.8.5/../../../../lib64/crtn.o

.plt            0x00000000004028a0      0x980
 *(.plt)
 .plt           0x00000000004028a0      0x980 /usr/lib/gcc/x86_64-redhat-linux/4.8.5/../../../../lib64/crt1.o
                0x00000000004028b0                chmod@@GLIBC_2.2.5
                0x00000000004028c0                mprotect@@GLIBC_2.2.5
                0x00000000004028d0                sem_wait@@GLIBC_2.2.5
                0x00000000004028e0                fileno@@GLIBC_2.2.5
                0x00000000004028f0                pthread_getspecific@@GLIBC_2.2.5
                0x0000000000402900                pthread_cond_destroy@@GLIBC_2.3.2
                0x0000000000402910                printf@@GLIBC_2.2.5
                0x0000000000402920                __getdelim@@GLIBC_2.2.5
                0x0000000000402930                pthread_rwlockattr_init@@GLIBC_2.2.5
                0x0000000000402940                memset@@GLIBC_2.2.5
                0x0000000000402950                ftell@@GLIBC_2.2.5
                0x0000000000402960                snprintf@@GLIBC_2.2.5
                0x0000000000402970                close@@GLIBC_2.2.5
                0x0000000000402980                shmdt@@GLIBC_2.2.5
                0x0000000000402990                pthread_setspecific@@GLIBC_2.2.5
                0x00000000004029a0                strncat@@GLIBC_2.2.5
                0x00000000004029b0                sem_destroy@@GLIBC_2.2.5
                0x00000000004029c0                puts@@GLIBC_2.2.5
                0x00000000004029d0                recvmsg@@GLIBC_2.2.5
                0x00000000004029e0                uname@@GLIBC_2.2.5
                0x00000000004029f0                fseek@@GLIBC_2.2.5
                0x0000000000402a00                pthread_cond_signal@@GLIBC_2.3.2
                0x0000000000402a10                exit@@GLIBC_2.2.5
                0x0000000000402a20                pthread_mutexattr_destroy@@GLIBC_2.2.5
                0x0000000000402a30                gettimeofday@@GLIBC_2.2.5
                0x0000000000402a40                sem_trywait@@GLIBC_2.2.5
                0x0000000000402a50                read@@GLIBC_2.2.5
                0x0000000000402a60                strncmp@@GLIBC_2.2.5
                0x0000000000402a70                malloc@@GLIBC_2.2.5
                0x0000000000402a80                fopen@@GLIBC_2.2.5
                0x0000000000402a90                __libc_start_main@@GLIBC_2.2.5
                0x0000000000402aa0                unlink@@GLIBC_2.2.5
                0x0000000000402ab0                rmdir@@GLIBC_2.2.5
                0x0000000000402ac0                sched_yield@@GLIBC_2.2.5
                0x0000000000402ad0                pthread_rwlock_destroy@@GLIBC_2.2.5
                0x0000000000402ae0                pthread_cond_timedwait@@GLIBC_2.3.2
                0x0000000000402af0                shm_open@@GLIBC_2.2.5
                0x0000000000402b00                __cxa_atexit@@GLIBC_2.2.5
                0x0000000000402b10                setsockopt@@GLIBC_2.2.5
                0x0000000000402b20                sysconf@@GLIBC_2.2.5
                0x0000000000402b30                getpid@@GLIBC_2.2.5
                0x0000000000402b40                pthread_mutex_init@@GLIBC_2.2.5
                0x0000000000402b50                fgets@@GLIBC_2.2.5
                0x0000000000402b60                geteuid@@GLIBC_2.2.5
                0x0000000000402b70                __strtoul_internal@@GLIBC_2.2.5
                0x0000000000402b80                free@@GLIBC_2.2.5
                0x0000000000402b90                strlen@@GLIBC_2.2.5
                0x0000000000402ba0                ferror@@GLIBC_2.2.5
                0x0000000000402bb0                pthread_create@@GLIBC_2.2.5
                0x0000000000402bc0                opendir@@GLIBC_2.2.5
                0x0000000000402bd0                __xstat@@GLIBC_2.2.5
                0x0000000000402be0                pthread_cond_init@@GLIBC_2.3.2
                0x0000000000402bf0                listen@@GLIBC_2.2.5
                0x0000000000402c00                realpath@@GLIBC_2.3
                0x0000000000402c10                pthread_key_delete@@GLIBC_2.2.5
                0x0000000000402c20                readdir@@GLIBC_2.2.5
                0x0000000000402c30                dlerror@@GLIBC_2.2.5
                0x0000000000402c40                pthread_mutexattr_setprotocol@@GLIBC_2.4
                0x0000000000402c50                __strtol_internal@@GLIBC_2.2.5
                0x0000000000402c60                fgetc@@GLIBC_2.2.5
                0x0000000000402c70                fdopen@@GLIBC_2.2.5
                0x0000000000402c80                sem_timedwait@@GLIBC_2.2.5
                0x0000000000402c90                syscall@@GLIBC_2.2.5
                0x0000000000402ca0                sscanf@@GLIBC_2.2.5
                0x0000000000402cb0                pipe@@GLIBC_2.2.5
                0x0000000000402cc0                pthread_condattr_setpshared@@GLIBC_2.2.5
                0x0000000000402cd0                dlclose@@GLIBC_2.2.5
                0x0000000000402ce0                pthread_self@@GLIBC_2.2.5
                0x0000000000402cf0                sendmsg@@GLIBC_2.2.5
                0x0000000000402d00                pthread_join@@GLIBC_2.2.5
                0x0000000000402d10                poll@@GLIBC_2.2.5
                0x0000000000402d20                pthread_mutex_trylock@@GLIBC_2.2.5
                0x0000000000402d30                getegid@@GLIBC_2.2.5
                0x0000000000402d40                shm_unlink@@GLIBC_2.2.5
                0x0000000000402d50                kill@@GLIBC_2.2.5
                0x0000000000402d60                usleep@@GLIBC_2.2.5
                0x0000000000402d70                strstr@@GLIBC_2.2.5
                0x0000000000402d80                socketpair@@GLIBC_2.2.5
                0x0000000000402d90                lseek@@GLIBC_2.2.5
                0x0000000000402da0                connect@@GLIBC_2.2.5
                0x0000000000402db0                gethostname@@GLIBC_2.2.5
                0x0000000000402dc0                pthread_rwlockattr_setpshared@@GLIBC_2.2.5
                0x0000000000402dd0                fchmod@@GLIBC_2.2.5
                0x0000000000402de0                pthread_rwlock_init@@GLIBC_2.2.5
                0x0000000000402df0                pthread_mutexattr_setpshared@@GLIBC_2.2.5
                0x0000000000402e00                strchr@@GLIBC_2.2.5
                0x0000000000402e10                socket@@GLIBC_2.2.5
                0x0000000000402e20                vsnprintf@@GLIBC_2.2.5
                0x0000000000402e30                fread@@GLIBC_2.2.5
                0x0000000000402e40                setenv@@GLIBC_2.2.5
                0x0000000000402e50                __fxstat@@GLIBC_2.2.5
                0x0000000000402e60                getenv@@GLIBC_2.2.5
                0x0000000000402e70                pthread_condattr_init@@GLIBC_2.2.5
                0x0000000000402e80                __errno_location@@GLIBC_2.2.5
                0x0000000000402e90                madvise@@GLIBC_2.2.5
                0x0000000000402ea0                strdup@@GLIBC_2.2.5
                0x0000000000402eb0                pthread_rwlock_tryrdlock@@GLIBC_2.2.5
                0x0000000000402ec0                clock@@GLIBC_2.2.5
                0x0000000000402ed0                sem_init@@GLIBC_2.2.5
                0x0000000000402ee0                pthread_mutexattr_settype@@GLIBC_2.2.5
                0x0000000000402ef0                strcmp@@GLIBC_2.2.5
                0x0000000000402f00                getcwd@@GLIBC_2.2.5
                0x0000000000402f10                get_nprocs@@GLIBC_2.2.5
                0x0000000000402f20                sem_post@@GLIBC_2.2.5
                0x0000000000402f30                strcpy@@GLIBC_2.2.5
                0x0000000000402f40                nanosleep@@GLIBC_2.2.5
                0x0000000000402f50                pthread_rwlock_rdlock@@GLIBC_2.2.5
                0x0000000000402f60                getuid@@GLIBC_2.2.5
                0x0000000000402f70                pthread_cond_wait@@GLIBC_2.3.2
                0x0000000000402f80                pthread_detach@@GLIBC_2.2.5
                0x0000000000402f90                pthread_once@@GLIBC_2.2.5
                0x0000000000402fa0                calloc@@GLIBC_2.2.5
                0x0000000000402fb0                munmap@@GLIBC_2.2.5
                0x0000000000402fc0                shmget@@GLIBC_2.2.5
                0x0000000000402fd0                feof@@GLIBC_2.2.5
                0x0000000000402fe0                fclose@@GLIBC_2.2.5
                0x0000000000402ff0                dlopen@@GLIBC_2.2.5
                0x0000000000403000                remove@@GLIBC_2.2.5
                0x0000000000403010                pthread_rwlock_wrlock@@GLIBC_2.2.5
                0x0000000000403020                strncpy@@GLIBC_2.2.5
                0x0000000000403030                localtime_r@@GLIBC_2.2.5
                0x0000000000403040                dlsym@@GLIBC_2.2.5
                0x0000000000403050                fscanf@@GLIBC_2.2.5
                0x0000000000403060                closedir@@GLIBC_2.2.5
                0x0000000000403070                mkfifo@@GLIBC_2.2.5
                0x0000000000403080                ftruncate@@GLIBC_2.2.5
                0x0000000000403090                bind@@GLIBC_2.2.5
                0x00000000004030a0                fwrite@@GLIBC_2.2.5
                0x00000000004030b0                pthread_rwlock_unlock@@GLIBC_2.2.5
                0x00000000004030c0                pthread_mutex_lock@@GLIBC_2.2.5
                0x00000000004030d0                realloc@@GLIBC_2.2.5
                0x00000000004030e0                shmctl@@GLIBC_2.2.5
                0x00000000004030f0                pthread_mutexattr_init@@GLIBC_2.2.5
                0x0000000000403100                pthread_key_create@@GLIBC_2.2.5
                0x0000000000403110                pthread_mutex_destroy@@GLIBC_2.2.5
                0x0000000000403120                write@@GLIBC_2.2.5
                0x0000000000403130                pthread_rwlock_trywrlock@@GLIBC_2.2.5
                0x0000000000403140                pthread_cond_broadcast@@GLIBC_2.3.2
                0x0000000000403150                nftw@@GLIBC_2.3.3
                0x0000000000403160                clock_gettime@@GLIBC_2.2.5
                0x0000000000403170                sqrt@@GLIBC_2.2.5
                0x0000000000403180                sysinfo@@GLIBC_2.2.5
                0x0000000000403190                pthread_mutex_unlock@@GLIBC_2.2.5
                0x00000000004031a0                pthread_kill@@GLIBC_2.2.5
                0x00000000004031b0                memcpy@@GLIBC_2.14
                0x00000000004031c0                fcntl@@GLIBC_2.2.5
                0x00000000004031d0                open@@GLIBC_2.2.5
                0x00000000004031e0                mmap@@GLIBC_2.2.5
                0x00000000004031f0                mkdir@@GLIBC_2.2.5
                0x0000000000403200                shmat@@GLIBC_2.2.5
                0x0000000000403210                fflush@@GLIBC_2.2.5
 *(.iplt)

.plt.got        0x0000000000403220        0x8
 *(.plt.got)
 .plt.got       0x0000000000403220        0x8 /usr/lib/gcc/x86_64-redhat-linux/4.8.5/../../../../lib64/crt1.o

.plt.bnd
 *(.plt.bnd)

.text           0x0000000000403230    0x62fc0
 *(.text.unlikely .text.*_unlikely .text.unlikely.*)
 *(.text.exit .text.exit.*)
 *(.text.startup .text.startup.*)
 *(.text.hot .text.hot.*)
 *(.text .stub .text.* .gnu.linkonce.t.*)
 .text          0x0000000000403230       0x2a /usr/lib/gcc/x86_64-redhat-linux/4.8.5/../../../../lib64/crt1.o
                0x0000000000403230                _start
 .text          0x000000000040325a        0x0 /usr/lib/gcc/x86_64-redhat-linux/4.8.5/../../../../lib64/crti.o
 *fill*         0x000000000040325a        0x6 
 .text          0x0000000000403260       0xbd /usr/lib/gcc/x86_64-redhat-linux/4.8.5/crtbegin.o
 .text          0x000000000040331d       0x15 /tmp/tmpxft_00004cf2_00000000-5_test_dlink.o
 .text          0x0000000000403332      0x891 aes.o
                0x0000000000403347                KeyExpansion(unsigned char*, unsigned char const*)
                0x00000000004035ca                AES_init_ctx(AES_ctx*, unsigned char const*)
                0x00000000004035eb                AES_init_ctx_iv(AES_ctx*, unsigned char const*, unsigned char const*)
                0x0000000000403633                AES_ctx_set_iv(AES_ctx*, unsigned char const*)
                0x0000000000403654                AddRoundKey(unsigned char, unsigned char (*) [4][4], unsigned char const*)
                0x000000000040367a                SubBytes(unsigned char (*) [4][4])
                0x0000000000403697                ShiftRows(unsigned char (*) [4][4])
                0x00000000004036b4                xtime(unsigned char)
                0x00000000004036d2                MixColumns(unsigned char (*) [4][4])
                0x00000000004036ef                InvMixColumns(unsigned char (*) [4][4])
                0x000000000040370c                InvSubBytes(unsigned char (*) [4][4])
                0x0000000000403729                InvShiftRows(unsigned char (*) [4][4])
                0x0000000000403746                Cipher(unsigned char (*) [4][4], unsigned char const*)
                0x0000000000403767                InvCipher(unsigned char (*) [4][4], unsigned char const*)
                0x0000000000403788                AES_ECB_encrypt(AES_ctx const*, unsigned char*)
                0x00000000004037a9                AES_ECB_decrypt(AES_ctx const*, unsigned char*)
                0x0000000000403813                AES_CBC_encrypt_buffer(AES_ctx*, unsigned char*, unsigned int)
                0x0000000000403837                AES_CBC_decrypt_buffer(AES_ctx*, unsigned char*, unsigned int)
                0x00000000004038a9                __device_stub__Z21AES_CTR_xcrypt_bufferP7AES_ctxPhjm(AES_ctx*, unsigned char*, unsigned int, unsigned long)
                0x00000000004039ef                AES_CTR_xcrypt_buffer(AES_ctx*, unsigned char*, unsigned int, unsigned long)
 *fill*         0x0000000000403bc3        0x1 
 .text._ZN4dim3C2Ejjj
                0x0000000000403bc4       0x30 aes.o
                0x0000000000403bc4                dim3::dim3(unsigned int, unsigned int, unsigned int)
                0x0000000000403bc4                dim3::dim3(unsigned int, unsigned int, unsigned int)
 .text          0x0000000000403bf4      0x838 test.o
                0x0000000000403c09                test_xcrypt_ctr(char const*)
                0x000000000040426b                main
 .text._ZSt4sqrtIiEN9__gnu_cxx11__enable_ifIXsrSt12__is_integerIT_E7__valueEdE6__typeES3_
                0x000000000040442c       0x3d test.o
                0x000000000040442c                __gnu_cxx::__enable_if<std::__is_integer<int>::__value, double>::__type std::sqrt<int>(int)
 *fill*         0x0000000000404469        0x7 
 .text          0x0000000000404470    0x61b68 /usr/local/depot/cuda-10.0/bin/..//lib64/libcudart_static.a(libcudart_static.a.o)
                0x0000000000404470                cudart::getCudartError(cudaError_enum)
                0x00000000004045c0                cudart::cudaApiGetErrorString(cudaError)
                0x0000000000404760                cudart::cudaApiGetErrorName(cudaError)
                0x0000000000404900                cudart::cudaApiSetDoubleForDevice(double*)
                0x0000000000404910                cudart::cudaApiSetDoubleForHost(double*)
                0x0000000000404920                cudart::cudaApiEventCreateFromEGLSync(CUevent_st**, void*, unsigned int)
                0x0000000000404930                cudart::cudaApiCreateChannelDesc(int, int, int, int, cudaChannelFormatKind)
                0x0000000000404950                cudart::toDriverMemsetNodeParams(cudaMemsetParams const*, CUDA_MEMSET_NODE_PARAMS_st*)
                0x0000000000404980                cudart::toRuntimeMemsetNodeParams(CUDA_MEMSET_NODE_PARAMS_st const*, cudaMemsetParams*)
                0x00000000004049b0                cudart::toDriverHostNodeParams(cudaHostNodeParams const*, CUDA_HOST_NODE_PARAMS_st*)
                0x00000000004049c0                cudart::toRuntimeHostNodeParams(CUDA_HOST_NODE_PARAMS_st const*, cudaHostNodeParams*)
                0x00000000004049d0                cudart::toCudartGraphNodeType(CUgraphNodeType_enum, cudaGraphNodeType*)
                0x0000000000404a30                cudart::toRuntimeStreamCaptureStatus(CUstreamCaptureStatus_enum, cudaStreamCaptureStatus*)
                0x0000000000404b50                cudart::cudaApiRuntimeGetVersion(int*)
                0x0000000000404ba0                cudart::cudaApiDeviceGetAttribute(int*, cudaDeviceAttr, int)
                0x0000000000404d30                cudart::cudaApiDriverGetVersion(int*)
                0x0000000000405110                cudart::cudaApiStreamIsCapturing_ptsz(CUstream_st*, cudaStreamCaptureStatus*)
                0x0000000000405120                cudart::cudaApiStreamIsCapturing(CUstream_st*, cudaStreamCaptureStatus*)
                0x0000000000405480                cudart::cudaApiStreamEndCapture_ptsz(CUstream_st*, CUgraph_st**)
                0x0000000000405490                cudart::cudaApiStreamEndCapture(CUstream_st*, CUgraph_st**)
                0x00000000004057e0                cudart::cudaApiStreamBeginCapture_ptsz(CUstream_st*)
                0x00000000004057f0                cudart::cudaApiStreamBeginCapture(CUstream_st*)
                0x0000000000405b50                cudart::cudaApiGraphLaunch_ptsz(CUgraphExec_st*, CUstream_st*)
                0x0000000000405b60                cudart::cudaApiGraphLaunch(CUgraphExec_st*, CUstream_st*)
                0x0000000000405f10                cudart::cudaApiMemPrefetchAsync_ptsz(void const*, unsigned long, int, CUstream_st*)
                0x0000000000405f20                cudart::cudaApiMemPrefetchAsync(void const*, unsigned long, int, CUstream_st*)
                0x00000000004062c0                cudart::cudaApiLaunchHostFunc_ptsz(CUstream_st*, void (*)(void*), void*)
                0x00000000004062d0                cudart::cudaApiLaunchHostFunc(CUstream_st*, void (*)(void*), void*)
                0x0000000000406630                cudart::cudaApiEventRecord_ptsz(CUevent_st*, CUstream_st*)
                0x0000000000406640                cudart::cudaApiEventRecord(CUevent_st*, CUstream_st*)
                0x0000000000406830                cudart::cudaApiStreamQuery_ptsz(CUstream_st*)
                0x0000000000406840                cudart::cudaApiStreamQuery(CUstream_st*)
                0x0000000000406bf0                cudart::cudaApiStreamAttachMemAsync_ptsz(CUstream_st*, void*, unsigned long, unsigned int)
                0x0000000000406c00                cudart::cudaApiStreamAttachMemAsync(CUstream_st*, void*, unsigned long, unsigned int)
                0x0000000000406f60                cudart::cudaApiStreamGetFlags_ptsz(CUstream_st*, unsigned int*)
                0x0000000000406f70                cudart::cudaApiStreamGetFlags(CUstream_st*, unsigned int*)
                0x00000000004072d0                cudart::cudaApiStreamGetPriority_ptsz(CUstream_st*, int*)
                0x00000000004072e0                cudart::cudaApiStreamGetPriority(CUstream_st*, int*)
                0x00000000004072f0                __cudaRegisterFunction
                0x0000000000407390                __cudaRegisterSurface
                0x0000000000407410                __cudaRegisterTexture
                0x00000000004074a0                __cudaRegisterHostVar
                0x0000000000407500                __cudaRegisterManagedVar
                0x00000000004075a0                __cudaRegisterVar
                0x0000000000407640                __cudaUnregisterFatBinary
                0x0000000000407670                __cudaRegisterFatBinaryEnd
                0x00000000004076a0                __cudaRegisterFatBinary
                0x00000000004076e0                cudart::toRuntimeKernelNodeParams(CUDA_KERNEL_NODE_PARAMS_st const*, cudaKernelNodeParams*)
                0x0000000000407780                cudart::cudaApiGetChannelDesc(cudaChannelFormatDesc*, cudaArray const*)
                0x0000000000408280                cudart::cudaApiMemset3DAsync(cudaPitchedPtr, int, cudaExtent, CUstream_st*)
                0x00000000004083e0                cudart::cudaApiMemset3D_ptds(cudaPitchedPtr, int, cudaExtent)
                0x0000000000408540                cudart::cudaApiMemset2DAsync(void*, unsigned long, int, unsigned long, unsigned long, CUstream_st*)
                0x0000000000408600                cudart::cudaApiMemset2D_ptds(void*, unsigned long, int, unsigned long, unsigned long)
                0x00000000004086c0                cudart::cudaApiMemsetAsync(void*, int, unsigned long, CUstream_st*)
                0x0000000000408760                cudart::cudaApiMemset_ptds(void*, int, unsigned long)
                0x0000000000408a20                cudart::cudaApiMemcpy3DPeerAsync_ptsz(cudaMemcpy3DPeerParms const*, CUstream_st*)
                0x0000000000408a30                cudart::cudaApiMemcpy3DPeerAsync(cudaMemcpy3DPeerParms const*, CUstream_st*)
                0x0000000000408c60                cudart::cudaApiMemcpy3DPeer_ptds(cudaMemcpy3DPeerParms const*)
                0x0000000000408c70                cudart::cudaApiMemcpy3DPeer(cudaMemcpy3DPeerParms const*)
                0x0000000000408c80                cudart::cudaApiMemcpy3DAsync_ptsz(cudaMemcpy3DParms const*, CUstream_st*)
                0x0000000000408d10                cudart::cudaApiMemcpy3D_ptds(cudaMemcpy3DParms const*)
                0x0000000000408d80                cudart::cudaApiMemcpy2DArrayToArray(cudaArray*, unsigned long, unsigned long, cudaArray const*, unsigned long, unsigned long, unsigned long, unsigned long, cudaMemcpyKind)
                0x0000000000408e50                cudart::cudaApiMemcpyArrayToArray_ptds(cudaArray*, unsigned long, unsigned long, cudaArray const*, unsigned long, unsigned long, unsigned long, cudaMemcpyKind)
                0x0000000000408f20                cudart::cudaApiMemcpy2DFromArrayAsync(void*, unsigned long, cudaArray const*, unsigned long, unsigned long, unsigned long, unsigned long, cudaMemcpyKind, CUstream_st*)
                0x0000000000409000                cudart::cudaApiMemcpy2DFromArray_ptds(void*, unsigned long, cudaArray const*, unsigned long, unsigned long, unsigned long, unsigned long, cudaMemcpyKind)
                0x00000000004090e0                cudart::cudaApiMemcpyFromArrayAsync(void*, cudaArray const*, unsigned long, unsigned long, unsigned long, cudaMemcpyKind, CUstream_st*)
                0x00000000004091b0                cudart::cudaApiMemcpyFromArray(void*, cudaArray const*, unsigned long, unsigned long, unsigned long, cudaMemcpyKind)
                0x0000000000409280                cudart::cudaApiMemcpy2DToArrayAsync(cudaArray*, unsigned long, unsigned long, void const*, unsigned long, unsigned long, unsigned long, cudaMemcpyKind, CUstream_st*)
                0x0000000000409360                cudart::cudaApiMemcpy2DToArray(cudaArray*, unsigned long, unsigned long, void const*, unsigned long, unsigned long, unsigned long, cudaMemcpyKind)
                0x0000000000409440                cudart::cudaApiMemcpyToArrayAsync(cudaArray*, unsigned long, unsigned long, void const*, unsigned long, cudaMemcpyKind, CUstream_st*)
                0x0000000000409510                cudart::cudaApiMemcpyToArray_ptds(cudaArray*, unsigned long, unsigned long, void const*, unsigned long, cudaMemcpyKind)
                0x00000000004095e0                cudart::cudaApiMemcpy2DAsync(void*, unsigned long, void const*, unsigned long, unsigned long, unsigned long, cudaMemcpyKind, CUstream_st*)
                0x00000000004096b0                cudart::cudaApiMemcpy2D_ptds(void*, unsigned long, void const*, unsigned long, unsigned long, unsigned long, cudaMemcpyKind)
                0x0000000000409780                cudart::cudaApiMemcpyAsync(void*, void const*, unsigned long, cudaMemcpyKind, CUstream_st*)
                0x0000000000409830                cudart::cudaApiMemcpy_ptds(void*, void const*, unsigned long, cudaMemcpyKind)
                0x00000000004098d0                cudart::cudaApiMallocMipmappedArray(cudaMipmappedArray**, cudaChannelFormatDesc const*, cudaExtent, unsigned int, unsigned int)
                0x00000000004099b0                cudart::cudaApiMalloc3DArray(cudaArray**, cudaChannelFormatDesc const*, cudaExtent, unsigned int)
                0x0000000000409a80                cudart::cudaApiMallocArray(cudaArray**, cudaChannelFormatDesc const*, unsigned long, unsigned long, unsigned int)
                0x0000000000409b50                cudart::cudaApiFreeHost(void*)
                0x0000000000409bb0                cudart::cudaApiMalloc3D(cudaPitchedPtr*, cudaExtent)
                0x0000000000409c70                cudart::cudaApiMallocPitch(void**, unsigned long*, unsigned long, unsigned long)
                0x0000000000409d20                cudart::cudaApiHostGetFlags(unsigned int*, void*)
                0x0000000000409db0                cudart::cudaApiHostGetDevicePointer(void**, void*, unsigned int)
                0x0000000000409e50                cudart::cudaApiHostAlloc(void**, unsigned long, unsigned int)
                0x0000000000409ee0                cudart::cudaApiMallocHost(void**, unsigned long)
                0x0000000000409f60                cudart::cudaApiMalloc(void**, unsigned long)
                0x0000000000409ff0                cudart::cudaApiMallocManaged(void**, unsigned long, unsigned int)
                0x000000000040a090                cudart::cudaApiSetupArgument(void const*, unsigned long, unsigned long)
                0x000000000040a140                cudart::cudaApiConfigureCall(dim3, dim3, unsigned long, CUstream_st*)
                0x000000000040a730                cudart::cudaApiWaitExternalSemaphoresAsync_ptsz(CUexternalSemaphore_st* const*, cudaExternalSemaphoreWaitParams const*, unsigned int, CUstream_st*)
                0x000000000040a740                cudart::cudaApiWaitExternalSemaphoresAsync(CUexternalSemaphore_st* const*, cudaExternalSemaphoreWaitParams const*, unsigned int, CUstream_st*)
                0x000000000040ac90                cudart::cudaApiSignalExternalSemaphoresAsync_ptsz(CUexternalSemaphore_st* const*, cudaExternalSemaphoreSignalParams const*, unsigned int, CUstream_st*)
                0x000000000040aca0                cudart::cudaApiSignalExternalSemaphoresAsync(CUexternalSemaphore_st* const*, cudaExternalSemaphoreSignalParams const*, unsigned int, CUstream_st*)
                0x000000000040af00                cudart::cudaApiStreamAddCallback_ptsz(CUstream_st*, void (*)(CUstream_st*, cudaError, void*), void*, unsigned int)
                0x000000000040af10                cudart::cudaApiStreamAddCallback(CUstream_st*, void (*)(CUstream_st*, cudaError, void*), void*, unsigned int)
                0x000000000040af20                cudart::cudaApiGetDevice(int*)
                0x000000000040b150                cudart::cudaApiPeekAtLastError()
                0x000000000040b180                cudart::cudaApiGetLastError()
                0x000000000040b1b0                cudart::cudaApiGraphExecDestroy(CUgraphExec_st*)
                0x000000000040b360                cudart::cudaApiGraphInstantiate(CUgraphExec_st**, CUgraph_st*, CUgraphNode_st**, char*, unsigned long)
                0x000000000040b560                cudart::cudaApiGraphDestroyNode(CUgraphNode_st*)
                0x000000000040b710                cudart::cudaApiGraphRemoveDependencies(CUgraph_st*, CUgraphNode_st**, CUgraphNode_st**, unsigned long)
                0x000000000040b900                cudaGetExportTable
                0x000000000040ba90                cudart::cudaApiGraphDestroy(CUgraph_st*)
                0x000000000040bc40                cudart::cudaApiGraphAddDependencies(CUgraph_st*, CUgraphNode_st**, CUgraphNode_st**, unsigned long)
                0x000000000040be30                cudart::cudaApiGraphNodeGetDependentNodes(CUgraphNode_st*, CUgraphNode_st**, unsigned long*)
                0x000000000040c010                cudart::cudaApiGraphNodeGetDependencies(CUgraphNode_st*, CUgraphNode_st**, unsigned long*)
                0x000000000040c1f0                cudart::cudaApiGraphGetEdges(CUgraph_st*, CUgraphNode_st**, CUgraphNode_st**, unsigned long*)
                0x000000000040c3e0                cudart::cudaApiGraphGetRootNodes(CUgraph_st*, CUgraphNode_st**, unsigned long*)
                0x000000000040c5c0                cudart::cudaApiGraphGetNodes(CUgraph_st*, CUgraphNode_st**, unsigned long*)
                0x000000000040c7a0                cudart::cudaApiGraphNodeFindInClone(CUgraphNode_st**, CUgraphNode_st*, CUgraph_st*)
                0x000000000040c980                cudart::cudaApiGraphClone(CUgraph_st**, CUgraph_st*)
                0x000000000040cb30                cudart::cudaApiGraphAddEmptyNode(CUgraphNode_st**, CUgraph_st*, CUgraphNode_st**, unsigned long)
                0x000000000040cd20                cudart::cudaApiGraphChildGraphNodeGetGraph(CUgraphNode_st*, CUgraph_st**)
                0x000000000040ced0                cudart::cudaApiGraphAddChildGraphNode(CUgraphNode_st**, CUgraph_st*, CUgraphNode_st**, unsigned long, CUgraph_st*)
                0x000000000040d0d0                cudart::cudaApiGraphMemsetNodeSetParams(CUgraphNode_st*, cudaMemsetParams const*)
                0x000000000040d280                cudart::cudaApiGraphMemcpyNodeSetParams(CUgraphNode_st*, cudaMemcpy3DParms const*)
                0x000000000040d490                cudart::cudaApiGraphMemcpyNodeGetParams(CUgraphNode_st*, cudaMemcpy3DParms*)
                0x000000000040d690                cudart::cudaApiGraphCreate(CUgraph_st**, unsigned int)
                0x000000000040d840                cudart::cudaApiProfilerStart()
                0x000000000040d9e0                cudart::cudaApiProfilerInitialize(char const*, char const*, cudaOutputMode)
                0x000000000040dbc0                cudart::cudaApiGetSurfaceObjectResourceDesc(cudaResourceDesc*, unsigned long long)
                0x000000000040ddd0                cudart::cudaApiDestroySurfaceObject(unsigned long long)
                0x000000000040df80                cudart::cudaApiCreateSurfaceObject(unsigned long long*, cudaResourceDesc const*)
                0x000000000040e1a0                cudart::cudaApiGetTextureObjectResourceViewDesc(cudaResourceViewDesc*, unsigned long long)
                0x000000000040e500                cudart::cudaApiGetTextureObjectTextureDesc(cudaTextureDesc*, unsigned long long)
                0x000000000040e860                cudart::cudaApiGetTextureObjectResourceDesc(cudaResourceDesc*, unsigned long long)
                0x000000000040ea70                cudart::cudaApiDestroyTextureObject(unsigned long long)
                0x000000000040ec20                cudart::cudaApiCreateTextureObject(unsigned long long*, cudaResourceDesc const*, cudaTextureDesc const*, cudaResourceViewDesc const*)
                0x000000000040eea0                cudart::cudaApiGraphicsResourceGetMappedMipmappedArray(cudaMipmappedArray**, cudaGraphicsResource*)
                0x000000000040f090                cudart::cudaApiGraphicsSubResourceGetMappedArray(cudaArray**, cudaGraphicsResource*, unsigned int, unsigned int)
                0x000000000040f2a0                cudart::cudaApiGraphicsResourceGetMappedPointer(void**, unsigned long*, cudaGraphicsResource*)
                0x000000000040f430                cudart::cudaApiGraphicsUnmapResources(int, cudaGraphicsResource**, CUstream_st*)
                0x000000000040f610                cudart::cudaApiGraphicsMapResources(int, cudaGraphicsResource**, CUstream_st*)
                0x000000000040f7f0                cudart::cudaApiGraphicsResourceSetMapFlags(cudaGraphicsResource*, unsigned int)
                0x000000000040f9b0                cudart::cudaApiGraphicsUnregisterResource(cudaGraphicsResource*)
                0x000000000040fb60                cudart::cudaApiGraphicsVDPAURegisterOutputSurface(cudaGraphicsResource**, unsigned int, unsigned int)
                0x000000000040fd40                cudart::cudaApiGraphicsVDPAURegisterVideoSurface(cudaGraphicsResource**, unsigned int, unsigned int)
                0x000000000040ff20                cudart::cudaApiVDPAUGetDevice(int*, unsigned int, VdpStatus (*)(unsigned int, unsigned int, void**))
                0x00000000004100b0                cudart::cudaApiGraphicsGLRegisterBuffer(cudaGraphicsResource**, unsigned int, unsigned int)
                0x0000000000410290                cudart::cudaApiGraphicsGLRegisterImage(cudaGraphicsResource**, unsigned int, unsigned int, unsigned int)
                0x0000000000410480                cudart::cudaApiGLSetBufferObjectMapFlags(unsigned int, unsigned int)
                0x0000000000410630                cudart::cudaApiGLUnregisterBufferObject(unsigned int)
                0x0000000000410940                cudart::cudaApiGLUnmapBufferObjectAsync(unsigned int, CUstream_st*)
                0x0000000000410af0                cudart::cudaApiGLUnmapBufferObject(unsigned int)
                0x0000000000410ca0                cudart::cudaApiGLMapBufferObjectAsync(void**, unsigned int, CUstream_st*)
                0x0000000000410e80                cudart::cudaApiGLMapBufferObject(void**, unsigned int)
                0x0000000000411040                cudart::cudaApiGLRegisterBufferObject(unsigned int)
                0x0000000000411350                cudart::cudaApiGraphicsResourceGetMappedEglFrame(cudaEglFrame_st*, cudaGraphicsResource*, unsigned int, unsigned int)
                0x00000000004115e0                cudart::cudaApiEGLStreamProducerReturnFrame(CUeglStreamConnection_st**, cudaEglFrame_st*, CUstream_st**)
                0x0000000000411840                cudart::cudaApiEGLStreamProducerPresentFrame(CUeglStreamConnection_st**, cudaEglFrame_st, CUstream_st**)
                0x0000000000412200                cudart::cudaApiEGLStreamProducerDisconnect(CUeglStreamConnection_st**)
                0x00000000004123b0                cudart::cudaApiEGLStreamProducerConnect(CUeglStreamConnection_st**, void*, int, int)
                0x00000000004125a0                cudart::cudaApiEGLStreamConsumerReleaseFrame(CUeglStreamConnection_st**, cudaGraphicsResource*, CUstream_st**)
                0x0000000000412780                cudart::cudaApiEGLStreamConsumerAcquireFrame(CUeglStreamConnection_st**, cudaGraphicsResource**, CUstream_st**, unsigned int)
                0x0000000000412970                cudart::cudaApiEGLStreamConsumerDisconnect(CUeglStreamConnection_st**)
                0x0000000000412b20                cudart::cudaApiEGLStreamConsumerConnectWithFlags(CUeglStreamConnection_st**, void*, unsigned int)
                0x0000000000412d00                cudart::cudaApiEGLStreamConsumerConnect(CUeglStreamConnection_st**, void*)
                0x0000000000412eb0                cudart::cudaApiGraphicsEGLRegisterImage(cudaGraphicsResource**, void*, unsigned int)
                0x0000000000413090                cudart::cudaApiMemRangeGetAttributes(void**, unsigned long*, cudaMemRangeAttribute*, unsigned long, void const*, unsigned long)
                0x0000000000413220                cudart::cudaApiMemRangeGetAttribute(void*, unsigned long, cudaMemRangeAttribute, void const*, unsigned long)
                0x00000000004133b0                cudart::cudaApiMemAdvise(void const*, unsigned long, cudaMemoryAdvise, int)
                0x0000000000413540                cudart::cudaApiArrayGetInfo(cudaChannelFormatDesc*, cudaExtent*, unsigned int*, cudaArray*)
                0x00000000004137d0                cudart::cudaApiMemGetInfo(unsigned long*, unsigned long*)
                0x0000000000413980                cudart::cudaApiFreeMipmappedArray(cudaMipmappedArray*)
                0x0000000000413b40                cudart::cudaApiGetMipmappedArrayLevel(cudaArray**, cudaMipmappedArray const*, unsigned int)
                0x0000000000413d20                cudart::cudaApiFreeArray(cudaArray*)
                0x0000000000413ee0                cudart::cudaApiPointerGetAttributes(cudaPointerAttributes*, void const*)
                0x0000000000414250                cudart::cudaApiFree(void*)
                0x0000000000414410                cudart::cudaApiHostUnregister(void*)
                0x00000000004145c0                cudart::cudaApiHostRegister(void*, unsigned long, unsigned int)
                0x00000000004147a0                cudart::cudaApiDestroyExternalSemaphore(CUexternalSemaphore_st*)
                0x0000000000414950                cudart::cudaApiImportExternalSemaphore(CUexternalSemaphore_st**, cudaExternalSemaphoreHandleDesc const*)
                0x0000000000414c00                cudart::cudaApiDestroyExternalMemory(CUexternalMemory_st*)
                0x0000000000414db0                cudart::cudaApiExternalMemoryGetMappedMipmappedArray(cudaMipmappedArray**, CUexternalMemory_st*, cudaExternalMemoryMipmappedArrayDesc const*)
                0x0000000000415010                cudart::cudaApiExternalMemoryGetMappedBuffer(void**, CUexternalMemory_st*, cudaExternalMemoryBufferDesc const*)
                0x0000000000415230                cudart::cudaApiImportExternalMemory(CUexternalMemory_st**, cudaExternalMemoryHandleDesc const*)
                0x00000000004154f0                cudart::cudaApiEventElapsedTime(float*, CUevent_st*, CUevent_st*)
                0x00000000004156f0                cudart::cudaApiEventDestroy(CUevent_st*)
                0x00000000004158a0                cudart::cudaApiEventSynchronize(CUevent_st*)
                0x0000000000415a30                cudart::cudaApiEventQuery(CUevent_st*)
                0x0000000000415be0                cudart::cudaApiEventCreateWithFlags(CUevent_st**, unsigned int)
                0x0000000000415dc0                cudart::cudaApiEventCreate(CUevent_st**)
                0x00000000004160e0                cudart::cudaApiStreamWaitEvent_ptsz(CUstream_st*, CUevent_st*, unsigned int)
                0x00000000004162c0                cudart::cudaApiStreamWaitEvent(CUstream_st*, CUevent_st*, unsigned int)
                0x00000000004164a0                cudart::cudaApiStreamSynchronize_ptsz(CUstream_st*)
                0x0000000000416650                cudart::cudaApiStreamSynchronize(CUstream_st*)
                0x0000000000416800                cudart::cudaApiStreamDestroy(CUstream_st*)
                0x00000000004169b0                cudart::cudaApiDeviceGetStreamPriorityRange(int*, int*)
                0x0000000000416b60                cudart::cudaApiStreamCreateWithPriority(CUstream_st**, unsigned int, int)
                0x0000000000416d40                cudart::cudaApiStreamCreateWithFlags(CUstream_st**, unsigned int)
                0x0000000000416ef0                cudart::cudaApiStreamCreate(CUstream_st**)
                0x00000000004170a0                cudart::cudaApiDeviceGetP2PAttribute(int*, cudaDeviceP2PAttr, int, int)
                0x0000000000417230                cudart::cudaApiSetValidDevices(int*, int)
                0x0000000000417400                cudart::cudaApiIpcCloseMemHandle(void*)
                0x00000000004175b0                cudart::cudaApiIpcOpenMemHandle(void**, cudaIpcMemHandle_st, unsigned int)
                0x0000000000417870                cudart::cudaApiIpcGetMemHandle(cudaIpcMemHandle_st*, void*)
                0x0000000000417a70                cudart::cudaApiIpcOpenEventHandle(CUevent_st**, cudaIpcEventHandle_st)
                0x0000000000417d30                cudart::cudaApiIpcGetEventHandle(cudaIpcEventHandle_st*, CUevent_st*)
                0x0000000000417f30                cudart::cudaApiDeviceGetPCIBusId(char*, int, int)
                0x0000000000418110                cudart::cudaApiDeviceGetByPCIBusId(int*, char const*)
                0x00000000004182c0                cudart::cudaApiDeviceSetSharedMemConfig(cudaSharedMemConfig)
                0x0000000000418470                cudart::cudaApiDeviceSetCacheConfig(cudaFuncCache)
                0x0000000000418620                cudart::cudaApiThreadSetCacheConfig(cudaFuncCache)
                0x00000000004187d0                cudart::cudaApiDeviceGetSharedMemConfig(cudaSharedMemConfig*)
                0x0000000000418980                cudart::cudaApiDeviceGetCacheConfig(cudaFuncCache*)
                0x0000000000418b30                cudart::cudaApiThreadGetCacheConfig(cudaFuncCache*)
                0x0000000000418ce0                cudart::cudaApiDeviceGetLimit(unsigned long*, cudaLimit)
                0x0000000000418e90                cudart::cudaApiThreadGetLimit(unsigned long*, cudaLimit)
                0x0000000000419040                cudart::cudaApiDeviceSetLimit(cudaLimit, unsigned long)
                0x00000000004191f0                cudart::cudaApiThreadSetLimit(cudaLimit, unsigned long)
                0x00000000004193a0                cudart::cudaApiDeviceSynchronize()
                0x0000000000419540                cudart::cudaApiThreadSynchronize()
                0x00000000004196e0                __cudaPopCallConfiguration
                0x00000000004197b0                cudart::cudaApiGraphHostNodeSetParams(CUgraphNode_st*, cudaHostNodeParams const*)
                0x0000000000419990                cudart::cudaApiGraphAddHostNode(CUgraphNode_st**, CUgraph_st*, CUgraphNode_st**, unsigned long, cudaHostNodeParams const*)
                0x0000000000419ba0                __cudaInitModule
                0x0000000000419c70                cudart::cudaApiProfilerStop()
                0x0000000000419e30                cudart::cudaApiGraphHostNodeGetParams(CUgraphNode_st*, cudaHostNodeParams*)
                0x000000000041a030                cudart::cudaApiThreadExit()
                0x000000000041a270                cudart::cudaApiVDPAUSetVDPAUDevice(int, unsigned int, VdpStatus (*)(unsigned int, unsigned int, void**))
                0x000000000041a5e0                cudart::cudaApiGLSetGLDevice(int)
                0x000000000041a920                cudart::cudaApiGLGetDevices(unsigned int*, int*, unsigned int, cudaGLDeviceList)
                0x000000000041ae80                cudart::cudaApiDeviceDisablePeerAccess(int)
                0x000000000041b090                cudart::cudaApiDeviceEnablePeerAccess(int, unsigned int)
                0x000000000041b2d0                cudart::cudaApiDeviceCanAccessPeer(int*, int, int)
                0x000000000041b500                cudart::cudaApiGetDeviceCount(int*)
                0x000000000041b560                cudart::cudaApiSetDeviceFlags(unsigned int)
                0x000000000041b7b0                cudart::cudaApiSetDevice(int)
                0x000000000041b990                cudart::cudaApiMemcpyPeerAsync(void*, int, void const*, int, unsigned long, CUstream_st*)
                0x000000000041bc60                cudart::cudaApiMemcpyPeer(void*, int, void const*, int, unsigned long)
                0x000000000041bf30                cudart::cudaApiLaunchCooperativeKernelMultiDevice(cudaLaunchParams*, unsigned int, unsigned int)
                0x000000000041c430                cudart::cudaApiChooseDevice(int*, cudaDeviceProp const*)
                0x000000000041c4b0                cudart::cudaApiGetDeviceProperties(cudaDeviceProp*, int)
                0x000000000041c550                cudart::cudaApiDeviceReset()
                0x000000000041c630                cudart::cudaApiGetDeviceFlags(unsigned int*)
                0x000000000041cc60                cudart::cudaApiGraphMemsetNodeGetParams(CUgraphNode_st*, cudaMemsetParams*)
                0x000000000041ce80                cudart::cudaApiGraphNodeGetType(CUgraphNode_st*, cudaGraphNodeType*)
                0x000000000041d1a0                cudart::cudaApiGraphKernelNodeGetParams(CUgraphNode_st*, cudaKernelNodeParams*)
                0x000000000041d3f0                cudart::cudaApiMemcpy2DArrayToArray_ptds(cudaArray*, unsigned long, unsigned long, cudaArray const*, unsigned long, unsigned long, unsigned long, unsigned long, cudaMemcpyKind)
                0x000000000041d4c0                cudart::cudaApiMemcpyArrayToArray(cudaArray*, unsigned long, unsigned long, cudaArray const*, unsigned long, unsigned long, unsigned long, cudaMemcpyKind)
                0x000000000041d590                cudart::cudaApiMemcpy2DFromArrayAsync_ptsz(void*, unsigned long, cudaArray const*, unsigned long, unsigned long, unsigned long, unsigned long, cudaMemcpyKind, CUstream_st*)
                0x000000000041d670                cudart::cudaApiMemcpy2DToArrayAsync_ptsz(cudaArray*, unsigned long, unsigned long, void const*, unsigned long, unsigned long, unsigned long, cudaMemcpyKind, CUstream_st*)
                0x000000000041d750                cudart::cudaApiMemset3DAsync_ptsz(cudaPitchedPtr, int, cudaExtent, CUstream_st*)
                0x000000000041d8c0                cudart::cudaApiMemcpy2DAsync_ptsz(void*, unsigned long, void const*, unsigned long, unsigned long, unsigned long, cudaMemcpyKind, CUstream_st*)
                0x000000000041d990                cudart::cudaApiMemset3D(cudaPitchedPtr, int, cudaExtent)
                0x000000000041daf0                cudart::cudaApiMemcpyToArrayAsync_ptsz(cudaArray*, unsigned long, unsigned long, void const*, unsigned long, cudaMemcpyKind, CUstream_st*)
                0x000000000041dbc0                cudart::cudaApiMemcpy2DToArray_ptds(cudaArray*, unsigned long, unsigned long, void const*, unsigned long, unsigned long, unsigned long, cudaMemcpyKind)
                0x000000000041dca0                cudart::cudaApiMemcpy2DFromArray(void*, unsigned long, cudaArray const*, unsigned long, unsigned long, unsigned long, unsigned long, cudaMemcpyKind)
                0x000000000041dd80                cudart::cudaApiMemcpyFromArrayAsync_ptsz(void*, cudaArray const*, unsigned long, unsigned long, unsigned long, cudaMemcpyKind, CUstream_st*)
                0x000000000041de50                cudart::cudaApiMemset2DAsync_ptsz(void*, unsigned long, int, unsigned long, unsigned long, CUstream_st*)
                0x000000000041df10                cudart::cudaApiMemcpy2D(void*, unsigned long, void const*, unsigned long, unsigned long, unsigned long, cudaMemcpyKind)
                0x000000000041dfe0                cudart::cudaApiMemcpyAsync_ptsz(void*, void const*, unsigned long, cudaMemcpyKind, CUstream_st*)
                0x000000000041e090                cudart::cudaApiMemcpy(void*, void const*, unsigned long, cudaMemcpyKind)
                0x000000000041e120                cudart::cudaApiMemcpyFromArray_ptds(void*, cudaArray const*, unsigned long, unsigned long, unsigned long, cudaMemcpyKind)
                0x000000000041e1f0                cudart::cudaApiMemcpyToArray(cudaArray*, unsigned long, unsigned long, void const*, unsigned long, cudaMemcpyKind)
                0x000000000041e2c0                cudart::cudaApiMemsetAsync_ptsz(void*, int, unsigned long, CUstream_st*)
                0x000000000041e360                cudart::cudaApiMemset2D(void*, unsigned long, int, unsigned long, unsigned long)
                0x000000000041e420                cudart::cudaApiMemset(void*, int, unsigned long)
                0x000000000041e4b0                cudart::cudaApiMemcpy3DAsync(cudaMemcpy3DParms const*, CUstream_st*)
                0x000000000041e540                cudart::cudaApiMemcpy3D(cudaMemcpy3DParms const*)
                0x000000000041e5b0                __cudaPushCallConfiguration
                0x000000000041e6d0                cudart::cudaApiGraphKernelNodeSetParams(CUgraphNode_st*, cudaKernelNodeParams const*)
                0x000000000041e920                cudart::cudaApiBindTextureToMipmappedArray(textureReference const*, cudaMipmappedArray const*, cudaChannelFormatDesc const*)
                0x000000000041e9b0                cudart::cudaApiGetSymbolSize(unsigned long*, void const*)
                0x000000000041ea30                cudart::cudaApiGetSymbolAddress(void**, void const*)
                0x000000000041ebd0                cudart::cudaApiMemcpyFromSymbolAsync_ptsz(void*, void const*, unsigned long, unsigned long, cudaMemcpyKind, CUstream_st*)
                0x000000000041ebf0                cudart::cudaApiMemcpyFromSymbolAsync(void*, void const*, unsigned long, unsigned long, cudaMemcpyKind, CUstream_st*)
                0x000000000041ed20                cudart::cudaApiMemcpyFromSymbol_ptds(void*, void const*, unsigned long, unsigned long, cudaMemcpyKind)
                0x000000000041ed30                cudart::cudaApiMemcpyFromSymbol(void*, void const*, unsigned long, unsigned long, cudaMemcpyKind)
                0x000000000041ed40                cudart::cudaApiBindTexture(unsigned long*, textureReference const*, void const*, cudaChannelFormatDesc const*, unsigned long)
                0x000000000041ee00                cudart::cudaApiBindTexture2D(unsigned long*, textureReference const*, void const*, cudaChannelFormatDesc const*, unsigned long, unsigned long, unsigned long)
                0x000000000041eee0                cudart::cudaApiBindTextureToArray(textureReference const*, cudaArray const*, cudaChannelFormatDesc const*)
                0x000000000041ef70                cudart::cudaApiBindSurfaceToArray(surfaceReference const*, cudaArray const*, cudaChannelFormatDesc const*)
                0x000000000041f000                cudart::cudaApiGetTextureReference(textureReference const**, void const*)
                0x000000000041f0a0                cudart::cudaApiGetTextureAlignmentOffset(unsigned long*, textureReference const*)
                0x000000000041f120                cudart::cudaApiUnbindTexture(textureReference const*)
                0x000000000041f190                cudart::toDriverKernelNodeParams(cudaKernelNodeParams const*, CUDA_KERNEL_NODE_PARAMS_st*)
                0x000000000041f230                cudart::cudaApiGetSurfaceReference(surfaceReference const**, void const*)
                0x000000000041f2d0                cudart::cudaApiFuncSetCacheConfig(void const*, cudaFuncCache)
                0x000000000041f4c0                cudart::cudaApiOccupancyMaxActiveBlocksPerMultiprocessorWithFlags(int*, void const*, int, unsigned long, unsigned int)
                0x000000000041f6e0                cudart::cudaApiOccupancyMaxActiveBlocksPerMultiprocessor(int*, void const*, int, unsigned long)
                0x000000000041f820                cudart::cudaApiMemcpyToSymbolAsync_ptsz(void const*, void const*, unsigned long, unsigned long, cudaMemcpyKind, CUstream_st*)
                0x000000000041f840                cudart::cudaApiMemcpyToSymbolAsync(void const*, void const*, unsigned long, unsigned long, cudaMemcpyKind, CUstream_st*)
                0x000000000041fd70                cudart::cudaApiLaunchCooperativeKernel_ptsz(void const*, dim3, dim3, void**, unsigned long, CUstream_st*)
                0x000000000041fdb0                cudart::cudaApiLaunchCooperativeKernel(void const*, dim3, dim3, void**, unsigned long, CUstream_st*)
                0x0000000000420320                cudart::cudaApiLaunchKernel_ptsz(void const*, dim3, dim3, void**, unsigned long, CUstream_st*)
                0x0000000000420360                cudart::cudaApiLaunchKernel(void const*, dim3, dim3, void**, unsigned long, CUstream_st*)
                0x0000000000420810                cudart::cudaApiLaunch_ptsz(void const*)
                0x0000000000420820                cudart::cudaApiLaunch(void const*)
                0x0000000000420830                cudart::cudaApiFuncSetSharedMemConfig(void const*, cudaSharedMemConfig)
                0x0000000000420a20                cudart::cudaApiFuncSetAttribute(void const*, cudaFuncAttribute, int)
                0x0000000000420c50                cudart::cudaApiFuncGetAttributes(cudaFuncAttributes*, void const*)
                0x00000000004218a0                cudart::cudaApiMemcpyToSymbol_ptds(void const*, void const*, unsigned long, unsigned long, cudaMemcpyKind)
                0x00000000004218b0                cudart::cudaApiMemcpyToSymbol(void const*, void const*, unsigned long, unsigned long, cudaMemcpyKind)
                0x00000000004218c0                cudart::cudaApiGraphAddKernelNode(CUgraphNode_st**, CUgraph_st*, CUgraphNode_st**, unsigned long, cudaKernelNodeParams const*)
                0x0000000000421b50                cudart::cudaApiGraphAddMemcpyNode(CUgraphNode_st**, CUgraph_st*, CUgraphNode_st**, unsigned long, cudaMemcpy3DParms const*)
                0x0000000000421fd0                cudart::cudaApiGraphAddMemsetNode(CUgraphNode_st**, CUgraph_st*, CUgraphNode_st**, unsigned long, cudaMemsetParams const*)
                0x00000000004235d0                cudart::globalModule::globalModule(void*)
                0x0000000000423640                cudart::globalState::registerFatBinaryEnd(cudart::globalModule*)
                0x0000000000423650                cudart::GlobalStateRef::GlobalStateRef()
                0x0000000000423660                cudart::GlobalStateRef::GlobalStateRef()
                0x0000000000423670                cudart::deviceMgr::getDeviceFromDriver(cudart::device**, int)
                0x00000000004237c0                cudart::deviceMgr::getDevice(cudart::device**, int)
                0x00000000004237e0                cudart::deviceMgr::getDeviceFromPrimaryCtx(CUctx_st*)
                0x0000000000423950                cudart::globalModule::globalModule(void*)
                0x00000000004239c0                cudart::deviceMgr::chooseDevice(cudaDeviceProp const*)
                0x00000000004240a0                cudart::device::updateDeviceProperties()
                0x0000000000424130                cudart::device::resetPrimaryContext()
                0x00000000004241c0                cudart::getGlobalState()
                0x00000000004241f0                cudart::globalState::registerEntryFunction(cudart::globalModule*, char const*, char*, char const*, int, uint3*, uint3*, dim3*, dim3*, int*)
                0x00000000004242c0                cudart::globalState::registerSurface(cudart::globalModule*, surfaceReference const*, void const**, char const*, int, bool)
                0x0000000000424370                cudart::globalState::registerTexture(cudart::globalModule*, textureReference const*, void const**, char const*, int, bool, bool)
                0x0000000000424430                cudart::globalState::registerVar(cudart::globalModule*, char*, char*, char const*, bool, unsigned long, bool, bool)
                0x0000000000424510                cudart::GlobalStateRef::tryRetain()
                0x0000000000424560                cudart::globalState::loadDriver()
                0x00000000004245e0                cudart::globalState::getCurrentContextState()
                0x0000000000424610                cudart::globalState::globalState()
                0x0000000000424690                cudart::globalState::globalState()
                0x0000000000424710                cudart::globalState::initializeDriverEntrypoints()
                0x00000000004277d0                cudart::globalState::loadDriverInternal()
                0x0000000000427890                cudart::globalState::getModuleByVariable(void const*)
                0x0000000000427b80                cudart::globalState::getModuleByEntryFunction(void const*)
                0x0000000000427e70                cudart::globalState::destroyModule(cudart::globalModule*)
                0x00000000004284a0                cudart::globalState::unregisterFatBinary(cudart::globalModule*)
                0x0000000000428500                cudart::globalModule::loadIntoContext(cudart::contextState*)
                0x0000000000428750                cudart::__loadDriverInternalUtil()
                0x0000000000428780                cudart::deviceMgr::enumerateDevices()
                0x00000000004293e0                cudart::globalState::initializeDriverInternal()
                0x0000000000429910                cudart::globalState::registerHostVar(cudart::globalModule*, char const*, void*, unsigned long)
                0x00000000004299d0                cudart::globalState::registerManagedVar(cudart::globalModule*, void**, char*, char const*, bool, unsigned long, bool, bool)
                0x0000000000429b50                cudart::globalState::initializeDriver()
                0x0000000000429c40                cudart::globalState::~globalState()
                0x000000000042a4e0                cudart::globalState::~globalState()
                0x000000000042ad30                cudart::globalState::registerFatBinary(cudart::globalModule**, void*)
                0x000000000042b250                cudart::GlobalStateRef::~GlobalStateRef()
                0x000000000042b2f0                cudart::GlobalStateRef::~GlobalStateRef()
                0x000000000042b340                cudart::threadState::setLastError(cudaError)
                0x000000000042b350                cudart::threadState::peekAtLastError()
                0x000000000042b360                cudart::threadLaunchState::threadLaunchState()
                0x000000000042b370                cudart::threadLaunchState::threadLaunchState()
                0x000000000042b3a0                cudart::getLazyInitContextState(cudart::contextState**)
                0x000000000042b3c0                cudart::threadLaunchState::~threadLaunchState()
                0x000000000042b430                cudart::threadLaunchState::addArgumentToTopConfig(void const*, unsigned long, unsigned long) const
                0x000000000042b440                cudart::threadLaunchState::pushConfig(dim3, dim3, unsigned long, CUstream_st*)
                0x000000000042b500                cudart::threadState::threadState(cudaError*)
                0x000000000042b680                cudart::threadState::threadState(cudaError*)
                0x000000000042b800                cudart::threadLaunchState::popConfigForLaunch(cudart::configData const**)
                0x000000000042b8b0                cudart::threadLaunchState::~threadLaunchState()
                0x000000000042b920                cudart::threadState::getLastError()
                0x000000000042b930                cudart::threadState::getDeviceToTry(cudart::device**, int)
                0x000000000042b9c0                cudart::threadState::getNumDevicesToTry(int*)
                0x000000000042ba40                cudart::threadState::setValidDevices(int*, int)
                0x000000000042be50                cudart::doLazyInitContextState()
                0x000000000042be80                cudart::threadState::~threadState()
                0x000000000042bf10                cudart::threadState::~threadState()
                0x000000000042bfa0                cudart::threadState::~threadState()
                0x000000000042c030                cudart::module::module(cudart::contextState*, CUmod_st*, cudaError_enum)
                0x000000000042c0b0                cudart::cudaVariable::cudaVariable(void*, CUmod_st*, char const*, bool)
                0x000000000042c0c0                cudart::cudaVariable::cudaVariable(void*, CUmod_st*, char const*, bool)
                0x000000000042c0d0                cudart::cudaVariable::setStorage(bool)
                0x000000000042c0e0                cudart::cudaTexture::cudaTexture(textureReference const*, int, bool, bool, CUtexref_st*, cudart::contextState*)
                0x000000000042c110                cudart::cudaTexture::cudaTexture(textureReference const*, int, bool, bool, CUtexref_st*, cudart::contextState*)
                0x000000000042c140                cudart::cudaTexture::setStorage(bool)
                0x000000000042c160                cudart::cudaTexture::unbind()
                0x000000000042c180                cudart::cudaTexture::getTextureAlignmentOffset(unsigned long*) const
                0x000000000042c1b0                cudart::cudaSurface::cudaSurface(surfaceReference const*, int, bool, CUsurfref_st*)
                0x000000000042c1c0                cudart::cudaSurface::cudaSurface(surfaceReference const*, int, bool, CUsurfref_st*)
                0x000000000042c1d0                cudart::cudaSurface::setStorage(bool)
                0x000000000042c1f0                cudart::configData::reset(dim3, dim3, unsigned long, CUstream_st*)
                0x000000000042c270                cudart::configData::~configData()
                0x000000000042c280                cudart::configData::~configData()
                0x000000000042c290                cudart::configData::addArgument(void const*, unsigned long, unsigned long)
                0x000000000042c350                cudart::contextState::removeBoundTexture(cudart::cudaTexture*)
                0x000000000042c3e0                cudart::contextState::addBoundTexture(cudart::cudaTexture*)
                0x000000000042c490                cudart::contextState::contextState(cudart::device*, CUctx_st*)
                0x000000000042c5a0                cudart::cudaSurface::bind(cudaArray const*, cudaChannelFormatDesc const*)
                0x000000000042c5b0                cudart::cudaTexture::setupTexture() const
                0x000000000042c8e0                cudart::contextState::setupBoundTextures()
                0x000000000042c960                cudart::configData::configData()
                0x000000000042c9d0                cudart::configData::configData()
                0x000000000042ca40                cudart::module::module(cudart::contextState*, CUmod_st*, cudaError_enum)
                0x000000000042cac0                cudart::contextState::contextState(cudart::device*, CUctx_st*)
                0x000000000042cbd0                cudart::contextState::getTexture(cudart::cudaTexture**, textureReference const*, cudaError)
                0x000000000042cce0                cudart::contextState::getTextureReference(textureReference const**, void const*)
                0x000000000042cd20                cudart::contextState::getSymbolFromDriverEntryFunction(void**, CUfunc_st*)
                0x000000000042d010                cudart::contextState::getTextureAlignmentOffset(unsigned long*, textureReference const*)
                0x000000000042d070                cudart::contextState::getSurface(cudart::cudaSurface**, surfaceReference const*, cudaError)
                0x000000000042d180                cudart::contextState::getSurfaceReference(surfaceReference const**, void const*)
                0x000000000042d1c0                cudart::contextState::bindSurface(surfaceReference const*, cudaArray const*, cudaChannelFormatDesc const*)
                0x000000000042d200                cudart::contextState::getEntryFunction(cudart::cudaEntryFunction**, void const*, cudaError)
                0x000000000042d310                cudart::contextState::prepareToLaunchFunction(CUfunc_st**, cudart::configData const*, void const*)
                0x000000000042d440                cudart::contextState::getDriverEntryFunction(CUfunc_st**, void const*)
                0x000000000042d480                cudart::contextState::unbindTexture(cudart::cudaTexture*)
                0x000000000042d4d0                cudart::contextState::unbindTextureReference(textureReference const*)
                0x000000000042d540                cudart::contextState::getVariable(cudart::cudaVariable**, void const*, cudaError)
                0x000000000042d630                cudart::contextState::getSymbolSize(unsigned long*, void const*)
                0x000000000042d700                cudart::contextState::getSymbolAddress(void**, void const*)
                0x000000000042d7a0                cudart::contextState::~contextState()
                0x000000000042e1d0                cudart::contextState::~contextState()
                0x000000000042ec00                cudart::contextState::createTexture(cudart::textureTemp const&, cudart::globalModule*)
                0x000000000042f7c0                cudart::contextState::createVariable(cudart::variableTemp const&, cudart::globalModule*)
                0x0000000000430390                cudart::contextState::loadCubin(bool*, cudart::globalModule*)
                0x0000000000430e60                cudart::contextState::deleteVariable(void const*)
                0x0000000000431130                cudart::contextState::deleteTexture(textureReference const*)
                0x0000000000431400                cudart::contextState::deleteEntryFunction(void const*)
                0x00000000004316d0                cudart::contextState::createEntryFunction(cudart::entryFunctionTemp const&, cudart::globalModule*)
                0x0000000000432340                cudart::contextState::deleteSurface(surfaceReference const*)
                0x0000000000432610                cudart::module::unload(bool)
                0x0000000000433690                cudart::contextState::unloadAllModules(bool)
                0x0000000000433e70                cudart::contextState::applyChanges()
                0x0000000000434640                cudart::contextState::createSurface(cudart::surfaceTemp const&, cudart::globalModule*)
                0x00000000004351e0                cudart::contextState::markChangeModuleUnload(cudart::globalModule*)
                0x0000000000435d60                cudart::contextState::markChangeModuleLoad(cudart::globalModule*)
                0x00000000004361c0                cudart::contextState::bindTexture(textureReference const*, cudaMipmappedArray const*, cudaChannelFormatDesc const*)
                0x0000000000436450                cudart::contextState::bindTexture2D(unsigned long*, textureReference const*, char const*, cudaChannelFormatDesc const*, unsigned long, unsigned long, unsigned long)
                0x0000000000436790                cudart::contextState::bindTexture(textureReference const*, cudaArray const*, cudaChannelFormatDesc const*)
                0x0000000000436a20                cudart::contextState::bindTexture(unsigned long*, textureReference const*, char const*, cudaChannelFormatDesc const*, unsigned long)
                0x0000000000436d30                cudart::contextStateManager::isPrimaryCtxInitialized(cudart::device*)
                0x0000000000436d80                cudart::contextStateManager::destroy(cudart::contextStateManager*)
                0x0000000000436ec0                cudart::contextStateManager::create(cudart::contextStateManager**, cudart::globalState*, cudart::deviceMgr*)
                0x0000000000436f70                cudart::contextStateManager::initPrimaryContext(cudart::device*)
                0x00000000004370c0                cudart::contextStateManager::getLazyInitPrimaryContext(CUctx_st**, cudart::device*)
                0x0000000000437100                cudart::contextStateManager::tryInitPrimaryContext(cudart::device*)
                0x0000000000437170                cudart::contextStateManager::notifyContextStatesOfModuleUnload(cudart::globalModule*)
                0x0000000000437450                cudart::contextStateManager::getSymbolFromDriverEntryFunction(void**, CUfunc_st*)
                0x0000000000437770                cudart::contextStateManager::notifyContextStatesOfModuleLoad(cudart::globalModule*)
                0x0000000000437a50                cudart::contextStateManager::initDriverContext()
                0x0000000000437c70                cudart::contextStateManager::initRuntimeContextState_nonreentrant(cudart::contextState**)
                0x0000000000438590                cudart::contextStateManager::getRuntimeContextState(cudart::contextState**, bool)
                0x0000000000438670                cudart::contextStateManager::getRuntimeContextState(cudart::contextState**, CUctx_st*)
                0x0000000000438740                cudart::contextStateManager::destroyContextState(cudart::contextState*, bool)
                0x0000000000438a50                cudart::contextStateManager::destroyAllContextStatesOnRuntimeUnload()
                0x0000000000438ce0                cudart::contextStateManager::destroyCurrentThreadContextState()
                0x0000000000438d20                cudart::contextStateManager::destroyContextStateFromDriverContextDestroyCallback(cudart::contextState*)
                0x0000000000438d90                cudart::arrayHelper::getChannelFormatDescFromDriverDesc(cudaChannelFormatDesc*, unsigned long*, unsigned long*, unsigned long*, CUDA_ARRAY3D_DESCRIPTOR_st const*)
                0x0000000000438eb0                cudart::arrayHelper::getDriverArray(cudaArray*)
                0x0000000000438ec0                cudart::arrayHelper::getDescInfo(cudaChannelFormatDesc const*, int&, CUarray_format_enum&)
                0x0000000000439340                cudart::arrayHelper::bytesPerElement(unsigned long*, int, CUarray_format_enum)
                0x00000000004393c0                cudart::arrayHelper::setupTexture(cudaMipmappedArray const*, CUtexref_st*)
                0x00000000004393f0                cudart::arrayHelper::copyToArray(cudaArray const*, unsigned long, unsigned long, cudaArray*, unsigned long, unsigned long, unsigned long, bool)
                0x00000000004396f0                cudart::arrayHelper::bindToSurface(cudaArray const*, CUsurfref_st*)
                0x0000000000439790                cudart::arrayHelper::setupTexture(cudaArray const*, CUtexref_st*)
                0x0000000000439830                cudart::arrayHelper::copyToArray2D(cudaArray const*, unsigned long, unsigned long, cudaArray*, unsigned long, unsigned long, unsigned long, unsigned long, bool)
                0x00000000004399c0                cudart::arrayHelper::copyFromDevice2D(CUmemorytype_enum, cudaArray const*, unsigned long, unsigned long, char const*, unsigned long, unsigned long, unsigned long, unsigned long, CUstream_st*, bool, bool)
                0x0000000000439b80                cudart::arrayHelper::copyFromHost2D(cudaArray const*, unsigned long, unsigned long, char const*, unsigned long, unsigned long, unsigned long, CUstream_st*, bool, bool)
                0x0000000000439d30                cudart::arrayHelper::copyToDevice2D(CUmemorytype_enum, cudaArray const*, unsigned long, unsigned long, char*, unsigned long, unsigned long, unsigned long, unsigned long, CUstream_st*, bool, bool)
                0x0000000000439ef0                cudart::arrayHelper::copyToHost2D(cudaArray const*, unsigned long, unsigned long, char*, unsigned long, unsigned long, unsigned long, CUstream_st*, bool, bool)
                0x000000000043a0a0                cudart::arrayHelper::copyFromDevice(CUmemorytype_enum, cudaArray const*, unsigned long, unsigned long, char const*, unsigned long, unsigned long, CUstream_st*, bool, bool)
                0x000000000043a3d0                cudart::arrayHelper::copyFromHost(cudaArray const*, unsigned long, unsigned long, char const*, unsigned long, CUstream_st*, bool, bool)
                0x000000000043a700                cudart::arrayHelper::copyToDevice(CUmemorytype_enum, cudaArray const*, unsigned long, unsigned long, char*, unsigned long, unsigned long, CUstream_st*, bool, bool)
                0x000000000043aa40                cudart::arrayHelper::copyToHost(cudaArray const*, unsigned long, unsigned long, char*, unsigned long, CUstream_st*, bool, bool)
                0x000000000043ad70                cudart::arrayHelper::writeDstLoc(cudaArray const*, CUDA_MEMCPY3D_st&, cudaPos)
                0x000000000043ae50                cudart::arrayHelper::writeSrcLoc(cudaArray const*, CUDA_MEMCPY3D_st&, cudaPos)
                0x000000000043af30                cudart::arrayHelper::writeExtent(cudaArray const*, CUDA_MEMCPY3D_st&, cudaExtent)
                0x000000000043b000                cudart::arrayHelper::getExtent(cudaArray const*, cudaExtent*)
                0x000000000043b090                cudart::arrayHelper::getChannelDesc(cudaArray const*, cudaChannelFormatDesc*)
                0x000000000043b120                cudart::arrayHelper::getFormat(cudaArray const*, int&, CUarray_format_enum&)
                0x000000000043b1c0                cudart::arrayHelper::getElementSize(unsigned long*, cudaArray*)
                0x000000000043b240                cudart::arrayHelper::getFormat(cudaMipmappedArray const*, int&, CUarray_format_enum&)
                0x000000000043b310                cudart::driverHelper::memset2DPtr(char*, unsigned long, int, unsigned long, unsigned long, CUstream_st*, bool, bool)
                0x000000000043b3a0                cudart::driverHelper::memsetPtr(char*, int, unsigned long, CUstream_st*, bool, bool)
                0x000000000043b420                cudart::driverHelper::memset3DPtr(cudaPitchedPtr, int, cudaExtent, CUstream_st*, bool, bool)
                0x000000000043b7a0                cudart::driverHelper::driverMemcpy3DPeer(CUDA_MEMCPY3D_PEER_st*, CUstream_st*, bool, bool)
                0x000000000043b810                cudart::driverHelper::driverMemcpy3D(CUDA_MEMCPY3D_st*, CUstream_st*, bool, bool)
                0x000000000043b880                cudart::driverHelper::freeHost(void*)
                0x000000000043b8b0                cudart::driverHelper::mallocPitch(unsigned long, unsigned long, unsigned long, void**, unsigned long*)
                0x000000000043b920                cudart::driverHelper::mallocHost(unsigned long, void**, unsigned int)
                0x000000000043b970                cudart::driverHelper::hostGetFlags(unsigned int*, void*)
                0x000000000043b9a0                cudart::driverHelper::hostGetDevicePointer(void*, void**, unsigned int)
                0x000000000043b9d0                cudart::driverHelper::mallocManagedPtr(unsigned long, unsigned int, void**)
                0x000000000043ba00                cudart::driverHelper::mallocPtr(unsigned long, void**)
                0x000000000043ba50                cudart::driverHelper::getCurrentContext(CUctx_st**)
                0x000000000043ba80                cudart::driverHelper::getResDescFromDriverResDesc(cudaResourceDesc*, CUDA_RESOURCE_DESC_st const*, cudaTextureDesc*, CUDA_TEXTURE_DESC_st const*, cudaResourceViewDesc*, CUDA_RESOURCE_VIEW_DESC_st const*)
                0x000000000043bd20                cudart::driverHelper::getDriverResDescFromResDesc(CUDA_RESOURCE_DESC_st*, cudaResourceDesc const*, CUDA_TEXTURE_DESC_st*, cudaTextureDesc const*, CUDA_RESOURCE_VIEW_DESC_st*, cudaResourceViewDesc const*)
                0x000000000043c040                cudart::driverHelper::mallocMipmappedArray(cudaMipmappedArray**, cudaChannelFormatDesc const*, unsigned long, unsigned long, unsigned long, unsigned int, unsigned int)
                0x000000000043c200                cudart::driverHelper::mallocArray(cudaArray**, cudaChannelFormatDesc const*, unsigned long, unsigned long, unsigned long, int, unsigned int)
                0x000000000043c3c0                cudart::driverHelper::toDriverMemCopy3DParams(cudaMemcpy3DParms const*, cudart::device*, cudart::device*, CUDA_MEMCPY3D_st*)
                0x000000000043c790                cudart::driverHelper::toCudartMemCopy3DParams(CUDA_MEMCPY3D_st const*, cudaMemcpy3DParms*)
                0x000000000043cac0                cudart::driverHelper::memcpy2DArrayToArray(cudaArray*, unsigned long, unsigned long, cudaArray const*, unsigned long, unsigned long, unsigned long, unsigned long, cudaMemcpyKind, bool)
                0x000000000043cb40                cudart::driverHelper::memcpyArrayToArray(cudaArray*, unsigned long, unsigned long, cudaArray const*, unsigned long, unsigned long, unsigned long, cudaMemcpyKind, bool)
                0x000000000043cb90                cudart::driverHelper::memcpy2DFromArray(char*, unsigned long, cudaArray const*, unsigned long, unsigned long, unsigned long, unsigned long, cudaMemcpyKind, CUstream_st*, bool, bool)
                0x000000000043ccf0                cudart::driverHelper::memcpyFromArray(char*, cudaArray const*, unsigned long, unsigned long, unsigned long, cudaMemcpyKind, CUstream_st*, bool, bool)
                0x000000000043cdd0                cudart::driverHelper::memcpy2DToArray(cudaArray*, unsigned long, unsigned long, char const*, unsigned long, unsigned long, unsigned long, cudaMemcpyKind, CUstream_st*, bool, bool)
                0x000000000043cf30                cudart::driverHelper::memcpyToArray(cudaArray*, unsigned long, unsigned long, char const*, unsigned long, cudaMemcpyKind, CUstream_st*, bool, bool)
                0x000000000043d010                cudart::driverHelper::memcpy3D(cudaMemcpy3DParms const*, bool, cudart::device*, cudart::device*, CUstream_st*, bool, bool)
                0x000000000043d280                cudart::driverHelper::memcpy2DPtr(char*, unsigned long, char const*, unsigned long, unsigned long, unsigned long, cudaMemcpyKind, CUstream_st*, bool, bool)
                0x000000000043d640                cudart::driverHelper::memcpyAsyncDispatch(void*, void const*, unsigned long, cudaMemcpyKind, CUstream_st*, bool)
                0x000000000043d790                cudart::driverHelper::memcpyDispatch(void*, void const*, unsigned long, cudaMemcpyKind, bool)
                0x000000000043d910                cudart::tlsAutoLock::tlsAutoLock()
                0x000000000043d920                cudart::tlsAutoLock::tlsAutoLock()
                0x000000000043d930                cudart::tlsAutoLock::lockDuringTeardown()
                0x000000000043d950                cudart::tlsAutoLock::~tlsAutoLock()
                0x000000000043d960                cudart::tlsAutoLock::~tlsAutoLock()
                0x000000000043d970                cudart::resetThreadsState()
                0x000000000043d9a0                cudart::clearThreadState()
                0x000000000043d9e0                cudart::getThreadState(cudart::threadState**)
                0x000000000043db00                cudart::tlsMutexDeinitialize()
                0x000000000043db40                cudart::tlsMutexInitialize()
                0x000000000043db80                __cudaGetExportTableInternal
                0x000000000043dd70                cudaDeviceSetLimit
                0x000000000043df30                cudaDeviceSynchronize
                0x000000000043e0b0                cudaDeviceReset
                0x000000000043e230                cudaLaunch
                0x000000000043e3f0                cudaStreamGetPriority
                0x000000000043e5b0                cudaStreamGetFlags
                0x000000000043e770                cudaMemset3D
                0x000000000043ea50                cudaMemset2D
                0x000000000043ec60                cudaMemset
                0x000000000043ee40                cudaMemcpy3DPeer
                0x000000000043efe0                cudaMemcpy3D
                0x000000000043f180                cudaMemcpy2DArrayToArray
                0x000000000043f440                cudaMemcpyArrayToArray
                0x000000000043f6c0                cudaMemcpy2DFromArray
                0x000000000043f940                cudaMemcpyFromArray
                0x000000000043fb70                cudaMemcpy2DToArray
                0x000000000043fdf0                cudaMemcpyToArray
                0x0000000000440020                cudaMemcpy2D
                0x0000000000440280                cudaMemcpyFromSymbol
                0x0000000000440490                cudaMemcpyToSymbol
                0x00000000004406a0                cudaMemcpy
                0x0000000000440890                cudaGraphDestroy
                0x0000000000440a30                cudaGraphExecDestroy
                0x0000000000440bd0                cudaGraphInstantiate
                0x0000000000440de0                cudaGraphDestroyNode
                0x0000000000440f80                cudaGraphRemoveDependencies
                0x0000000000441180                cudaGraphAddDependencies
                0x0000000000441380                cudaGraphNodeGetDependentNodes
                0x0000000000441560                cudaGraphNodeGetDependencies
                0x0000000000441740                cudaGraphGetEdges
                0x0000000000441940                cudaGraphGetRootNodes
                0x0000000000441b20                cudaGraphGetNodes
                0x0000000000441d00                cudaGraphNodeGetType
                0x0000000000441ec0                cudaGraphNodeFindInClone
                0x00000000004420a0                cudaGraphClone
                0x0000000000442260                cudaGraphAddEmptyNode
                0x0000000000442460                cudaGraphChildGraphNodeGetGraph
                0x0000000000442620                cudaGraphAddChildGraphNode
                0x0000000000442830                cudaGraphHostNodeSetParams
                0x00000000004429f0                cudaGraphHostNodeGetParams
                0x0000000000442bb0                cudaGraphAddHostNode
                0x0000000000442dc0                cudaGraphMemsetNodeSetParams
                0x0000000000442f80                cudaGraphMemsetNodeGetParams
                0x0000000000443140                cudaGraphAddMemsetNode
                0x0000000000443350                cudaGraphMemcpyNodeSetParams
                0x0000000000443510                cudaGraphMemcpyNodeGetParams
                0x00000000004436d0                cudaGraphAddMemcpyNode
                0x00000000004438e0                cudaGraphKernelNodeSetParams
                0x0000000000443aa0                cudaGraphKernelNodeGetParams
                0x0000000000443c60                cudaGraphAddKernelNode
                0x0000000000443e70                cudaGraphCreate
                0x0000000000444030                cudaRuntimeGetVersion
                0x00000000004441d0                cudaDriverGetVersion
                0x0000000000444370                cudaGetSurfaceObjectResourceDesc
                0x0000000000444530                cudaDestroySurfaceObject
                0x00000000004446d0                cudaCreateSurfaceObject
                0x0000000000444890                cudaGetTextureObjectResourceViewDesc
                0x0000000000444a50                cudaGetTextureObjectTextureDesc
                0x0000000000444c10                cudaGetTextureObjectResourceDesc
                0x0000000000444dd0                cudaDestroyTextureObject
                0x0000000000444f70                cudaCreateTextureObject
                0x0000000000445170                cudaGetSurfaceReference
                0x0000000000445330                cudaBindSurfaceToArray
                0x0000000000445510                cudaGetTextureReference
                0x00000000004456d0                cudaGetTextureAlignmentOffset
                0x0000000000445890                cudaUnbindTexture
                0x0000000000445a30                cudaBindTextureToMipmappedArray
                0x0000000000445c10                cudaBindTextureToArray
                0x0000000000445df0                cudaBindTexture2D
                0x0000000000446050                cudaBindTexture
                0x0000000000446260                cudaCreateChannelDesc
                0x00000000004464c0                cudaGetChannelDesc
                0x0000000000446680                cudaGraphicsResourceGetMappedMipmappedArray
                0x0000000000446840                cudaGraphicsSubResourceGetMappedArray
                0x0000000000446a40                cudaGraphicsResourceGetMappedPointer
                0x0000000000446c20                cudaGraphicsResourceSetMapFlags
                0x0000000000446de0                cudaGraphicsUnregisterResource
                0x0000000000446f80                cudaDeviceDisablePeerAccess
                0x0000000000447110                cudaDeviceEnablePeerAccess
                0x00000000004472d0                cudaDeviceCanAccessPeer
                0x00000000004474b0                cudaPointerGetAttributes
                0x0000000000447670                cudaMemRangeGetAttributes
                0x00000000004478a0                cudaMemRangeGetAttribute
                0x0000000000447ab0                cudaMemAdvise
                0x0000000000447cb0                cudaGetSymbolSize
                0x0000000000447e70                cudaGetSymbolAddress
                0x0000000000448030                cudaMemset3D_ptds
                0x0000000000448310                cudaMemset2D_ptds
                0x0000000000448520                cudaMemset_ptds
                0x0000000000448700                cudaMemcpyFromSymbol_ptds
                0x0000000000448910                cudaMemcpyToSymbol_ptds
                0x0000000000448b20                cudaMemcpy2DArrayToArray_ptds
                0x0000000000448de0                cudaMemcpy2DFromArray_ptds
                0x0000000000449060                cudaMemcpy2DToArray_ptds
                0x00000000004492e0                cudaMemcpy2D_ptds
                0x0000000000449540                cudaMemcpyArrayToArray_ptds
                0x00000000004497c0                cudaMemcpyFromArray_ptds
                0x00000000004499f0                cudaMemcpyToArray_ptds
                0x0000000000449c20                cudaMemcpyPeer
                0x0000000000449e30                cudaMemcpy_ptds
                0x000000000044a030                cudaArrayGetInfo
                0x000000000044a230                cudaMemGetInfo
                0x000000000044a3f0                cudaMemcpy3DPeer_ptds
                0x000000000044a590                cudaMemcpy3D_ptds
                0x000000000044a730                cudaGetMipmappedArrayLevel
                0x000000000044a910                cudaMallocMipmappedArray
                0x000000000044ab90                cudaMalloc3DArray
                0x000000000044ae00                cudaMalloc3D
                0x000000000044b020                cudaHostGetFlags
                0x000000000044b1e0                cudaHostGetDevicePointer
                0x000000000044b3c0                cudaHostUnregister
                0x000000000044b560                cudaHostRegister
                0x000000000044b740                cudaHostAlloc
                0x000000000044b920                cudaFreeMipmappedArray
                0x000000000044bac0                cudaFreeArray
                0x000000000044bc60                cudaFreeHost
                0x000000000044be00                cudaFree
                0x000000000044bfa0                cudaMallocArray
                0x000000000044c1b0                cudaMallocPitch
                0x000000000044c3a0                cudaMallocHost
                0x000000000044c560                cudaMalloc
                0x000000000044c720                cudaMallocManaged
                0x000000000044c900                cudaLaunch_ptsz
                0x000000000044cac0                cudaSetupArgument
                0x000000000044cca0                cudaOccupancyMaxActiveBlocksPerMultiprocessorWithFlags
                0x000000000044ceb0                cudaOccupancyMaxActiveBlocksPerMultiprocessor
                0x000000000044d0b0                cudaSetDoubleForHost
                0x000000000044d250                cudaSetDoubleForDevice
                0x000000000044d3f0                cudaFuncSetAttribute
                0x000000000044d5d0                cudaFuncGetAttributes
                0x000000000044d790                cudaFuncSetSharedMemConfig
                0x000000000044d950                cudaFuncSetCacheConfig
                0x000000000044db10                cudaLaunchCooperativeKernelMultiDevice
                0x000000000044dcf0                cudaLaunchCooperativeKernel_ptsz
                0x000000000044dfe0                cudaDestroyExternalSemaphore
                0x000000000044e180                cudaImportExternalSemaphore
                0x000000000044e340                cudaDestroyExternalMemory
                0x000000000044e4e0                cudaExternalMemoryGetMappedMipmappedArray
                0x000000000044e6c0                cudaExternalMemoryGetMappedBuffer
                0x000000000044e8a0                cudaImportExternalMemory
                0x000000000044ea60                cudaEventElapsedTime
                0x000000000044ec40                cudaEventDestroy
                0x000000000044ede0                cudaEventSynchronize
                0x000000000044ef80                cudaEventQuery
                0x000000000044f120                cudaEventCreateWithFlags